Using device: cuda
ref_path: opt-350m, PPL AUC: 0.713586008282357, PROB AUC: 0.6702928254608901, LOGPROB AUC: 0.7222782787832924, PPL ACC: 0.5850891410048622, PROB ACC: 0.5364667747163695, LOGPROB ACC: 0.5591572123176661
ref_path: opt-350m, RATIO: 0.01, PROB AUC: 0.7286687267452859, LOGPROB AUC: 0.695160917365622, PROB ACC: 0.6434359805510534, LOGPROB ACC: 0.5980551053484603
ref_path: opt-350m, RATIO: 0.01, PROB_BASE AUC: 0.8256290597212588, LOGPROB_BASE AUC: 0.8814298627314961, PROB_BASE ACC: 0.779578606158833, LOGPROB_BASE ACC: 0.8217179902755267
ref_path: opt-350m, RATIO: 0.01, PROB_REF AUC: 0.5766643543335225, LOGPROB_REF AUC: 0.6098148031363646, PROB_REF ACC: 0.5299837925445705, LOGPROB_REF ACC: 0.5494327390599676

ref_path: opt-350m, RATIO: 0.02, PROB AUC: 0.7524647369195517, LOGPROB AUC: 0.7123142250530785, PROB ACC: 0.6823338735818476, LOGPROB ACC: 0.6077795786061588
ref_path: opt-350m, RATIO: 0.02, PROB_BASE AUC: 0.8571188329023987, LOGPROB_BASE AUC: 0.9338042084463223, PROB_BASE ACC: 0.8152350081037277, LOGPROB_BASE ACC: 0.8703403565640194
ref_path: opt-350m, RATIO: 0.02, PROB_REF AUC: 0.5494208656534443, LOGPROB_REF AUC: 0.6213659582518761, PROB_REF ACC: 0.5235008103727715, LOGPROB_REF ACC: 0.546191247974068

ref_path: opt-350m, RATIO: 0.03, PROB AUC: 0.750909167349856, LOGPROB AUC: 0.7170545079985706, PROB ACC: 0.6661264181523501, LOGPROB ACC: 0.5850891410048622
ref_path: opt-350m, RATIO: 0.03, PROB_BASE AUC: 0.8819869248071304, LOGPROB_BASE AUC: 0.9576422610413907, PROB_BASE ACC: 0.8314424635332253, LOGPROB_BASE ACC: 0.899513776337115
ref_path: opt-350m, RATIO: 0.03, PROB_REF AUC: 0.5475184461121271, LOGPROB_REF AUC: 0.6401063673246307, PROB_REF ACC: 0.513776337115073, LOGPROB_REF ACC: 0.5559157212317666

ref_path: opt-350m, RATIO: 0.04, PROB AUC: 0.7519392066595194, LOGPROB AUC: 0.7210485379748166, PROB ACC: 0.6726094003241491, LOGPROB ACC: 0.5753646677471637
ref_path: opt-350m, RATIO: 0.04, PROB_BASE AUC: 0.9061613167686197, LOGPROB_BASE AUC: 0.9720312795610773, PROB_BASE ACC: 0.86709886547812, LOGPROB_BASE ACC: 0.9222042139384117
ref_path: opt-350m, RATIO: 0.04, PROB_REF AUC: 0.5388577074267936, LOGPROB_REF AUC: 0.6476109394378928, PROB_REF ACC: 0.5040518638573744, LOGPROB_REF ACC: 0.5494327390599676

ref_path: opt-350m, RATIO: 0.05, PROB AUC: 0.7524121838935486, LOGPROB AUC: 0.7253473755018814, PROB ACC: 0.6693679092382496, LOGPROB ACC: 0.5753646677471637
ref_path: opt-350m, RATIO: 0.05, PROB_BASE AUC: 0.9462067225830864, LOGPROB_BASE AUC: 0.985747619347922, PROB_BASE ACC: 0.9124797406807131, LOGPROB_BASE ACC: 0.9448946515397083
ref_path: opt-350m, RATIO: 0.05, PROB_REF AUC: 0.5243846040655021, LOGPROB_REF AUC: 0.6484307666435433, PROB_REF ACC: 0.5040518638573744, LOGPROB_REF ACC: 0.5494327390599676

ref_path: opt-350m, RATIO: 0.06, PROB AUC: 0.7519812490803219, LOGPROB AUC: 0.7286792373504866, PROB ACC: 0.6661264181523501, LOGPROB ACC: 0.5753646677471637
ref_path: opt-350m, RATIO: 0.06, PROB_BASE AUC: 0.942012991108028, LOGPROB_BASE AUC: 0.9898152235605726, PROB_BASE ACC: 0.9157212317666127, LOGPROB_BASE ACC: 0.9611021069692058
ref_path: opt-350m, RATIO: 0.06, PROB_REF AUC: 0.5340438502448971, LOGPROB_REF AUC: 0.6538752601374788, PROB_REF ACC: 0.5008103727714749, LOGPROB_REF ACC: 0.5364667747163695

ref_path: opt-350m, RATIO: 0.07, PROB AUC: 0.7526539278131634, LOGPROB AUC: 0.7309495280738265, PROB ACC: 0.6661264181523501, LOGPROB ACC: 0.5786061588330632
ref_path: opt-350m, RATIO: 0.07, PROB_BASE AUC: 0.9321855752454228, LOGPROB_BASE AUC: 0.9931891278299805, PROB_BASE ACC: 0.9059967585089141, LOGPROB_BASE ACC: 0.9643435980551054
ref_path: opt-350m, RATIO: 0.07, PROB_REF AUC: 0.5331819806184439, LOGPROB_REF AUC: 0.6599714111538544, PROB_REF ACC: 0.5008103727714749, LOGPROB_REF ACC: 0.5429497568881686

ref_path: opt-350m, RATIO: 0.08, PROB AUC: 0.7518551218179143, LOGPROB AUC: 0.7327993945891405, PROB ACC: 0.6661264181523501, LOGPROB ACC: 0.5786061588330632
ref_path: opt-350m, RATIO: 0.08, PROB_BASE AUC: 0.9335519539215068, LOGPROB_BASE AUC: 0.9935149565912006, PROB_BASE ACC: 0.899513776337115, LOGPROB_BASE ACC: 0.9611021069692058
ref_path: opt-350m, RATIO: 0.08, PROB_REF AUC: 0.5374913287507095, LOGPROB_REF AUC: 0.6636501229740809, PROB_REF ACC: 0.5040518638573744, LOGPROB_REF ACC: 0.539708265802269

ref_path: opt-350m, RATIO: 0.09, PROB AUC: 0.7513085703474807, LOGPROB AUC: 0.7347018141304577, PROB ACC: 0.6661264181523501, LOGPROB ACC: 0.5786061588330632
ref_path: opt-350m, RATIO: 0.09, PROB_BASE AUC: 0.9214122049147591, LOGPROB_BASE AUC: 0.9946711231632717, PROB_BASE ACC: 0.8897893030794165, LOGPROB_BASE ACC: 0.9611021069692058
ref_path: opt-350m, RATIO: 0.09, PROB_REF AUC: 0.5381534968783502, LOGPROB_REF AUC: 0.6677807908179353, PROB_REF ACC: 0.5040518638573744, LOGPROB_REF ACC: 0.539708265802269

ref_path: opt-350m, RATIO: 0.1, PROB AUC: 0.7505412961678334, LOGPROB AUC: 0.7361627882533476, PROB ACC: 0.6758508914100486, LOGPROB ACC: 0.5786061588330632
ref_path: opt-350m, RATIO: 0.1, PROB_BASE AUC: 0.9361480734060668, LOGPROB_BASE AUC: 0.9947446973996763, PROB_BASE ACC: 0.9092382495948136, LOGPROB_BASE ACC: 0.9708265802269044
ref_path: opt-350m, RATIO: 0.1, PROB_REF AUC: 0.5369342666750752, LOGPROB_REF AUC: 0.671638182926573, PROB_REF ACC: 0.5008103727714749, LOGPROB_REF ACC: 0.539708265802269

ref_path: opt-350m, RATIO: 0.2, PROB AUC: 0.7321582476719009, LOGPROB AUC: 0.7409135818040402, PROB ACC: 0.6369529983792545, LOGPROB ACC: 0.5786061588330632
ref_path: opt-350m, RATIO: 0.2, PROB_BASE AUC: 0.9729457022135334, LOGPROB_BASE AUC: 0.9969414138866116, PROB_BASE ACC: 0.9448946515397083, LOGPROB_BASE ACC: 0.9837925445705025
ref_path: opt-350m, RATIO: 0.2, PROB_REF AUC: 0.540161022471674, LOGPROB_REF AUC: 0.6926278615122659, PROB_REF ACC: 0.5072933549432739, LOGPROB_REF ACC: 0.546191247974068

ref_path: opt-350m, RATIO: 0.3, PROB AUC: 0.7256311618422989, LOGPROB AUC: 0.7397048622059658, PROB ACC: 0.6272285251215559, LOGPROB ACC: 0.5721231766612642
ref_path: opt-350m, RATIO: 0.3, PROB_BASE AUC: 0.9750583338588635, LOGPROB_BASE AUC: 0.9985915789031132, PROB_BASE ACC: 0.9448946515397083, LOGPROB_BASE ACC: 0.9870340356564019
ref_path: opt-350m, RATIO: 0.3, PROB_REF AUC: 0.5609194677429526, LOGPROB_REF AUC: 0.7061339891950978, PROB_REF ACC: 0.5105348460291734, LOGPROB_REF ACC: 0.546191247974068

ref_path: opt-350m, RATIO: 0.4, PROB AUC: 0.7122616720270754, LOGPROB AUC: 0.737697336612642, PROB ACC: 0.5948136142625607, LOGPROB ACC: 0.5753646677471637
ref_path: opt-350m, RATIO: 0.4, PROB_BASE AUC: 0.9824893317357214, LOGPROB_BASE AUC: 0.9990855773475438, PROB_BASE ACC: 0.9351701782820098, LOGPROB_BASE ACC: 0.9870340356564019
ref_path: opt-350m, RATIO: 0.4, PROB_REF AUC: 0.590454268356772, LOGPROB_REF AUC: 0.7125454583674928, PROB_REF ACC: 0.5072933549432739, LOGPROB_REF ACC: 0.5559157212317666

ref_path: opt-350m, RATIO: 0.5, PROB AUC: 0.7001744760463308, LOGPROB AUC: 0.7335351369531857, PROB ACC: 0.5656401944894651, LOGPROB ACC: 0.5688816855753647
ref_path: opt-350m, RATIO: 0.5, PROB_BASE AUC: 0.9786634714426856, LOGPROB_BASE AUC: 0.99821319711589, PROB_BASE ACC: 0.9286871961102107, LOGPROB_BASE ACC: 0.9870340356564019
ref_path: opt-350m, RATIO: 0.5, PROB_REF AUC: 0.6166151647011834, LOGPROB_REF AUC: 0.7161400853461143, PROB_REF ACC: 0.5072933549432739, LOGPROB_REF ACC: 0.5559157212317666

ref_path: opt-350m, RATIO: 0.6, PROB AUC: 0.6921023312522335, LOGPROB AUC: 0.7303609341825902, PROB ACC: 0.5559157212317666, LOGPROB ACC: 0.5656401944894651
ref_path: opt-350m, RATIO: 0.6, PROB_BASE AUC: 0.9583359609846335, LOGPROB_BASE AUC: 0.9972777532530323, PROB_BASE ACC: 0.8865478119935171, LOGPROB_BASE ACC: 0.9773095623987034
ref_path: opt-350m, RATIO: 0.6, PROB_REF AUC: 0.6375628008660739, LOGPROB_REF AUC: 0.71883080027748, PROB_REF ACC: 0.5235008103727715, LOGPROB_REF ACC: 0.5559157212317666

ref_path: opt-350m, RATIO: 0.7, PROB AUC: 0.6845241849025667, LOGPROB AUC: 0.726934476887179, PROB ACC: 0.5526742301458671, LOGPROB ACC: 0.5623987034035657
ref_path: opt-350m, RATIO: 0.7, PROB_BASE AUC: 0.942401883500452, LOGPROB_BASE AUC: 0.9968152866242037, PROB_BASE ACC: 0.8573743922204214, LOGPROB_BASE ACC: 0.9805510534846029
ref_path: opt-350m, RATIO: 0.7, PROB_REF AUC: 0.654495385844317, LOGPROB_REF AUC: 0.7209539425280108, PROB_REF ACC: 0.5299837925445705, LOGPROB_REF ACC: 0.5591572123176661

ref_path: opt-350m, RATIO: 0.8, PROB AUC: 0.6774820794181329, LOGPROB AUC: 0.7239915074309979, PROB ACC: 0.546191247974068, LOGPROB ACC: 0.5591572123176661
ref_path: opt-350m, RATIO: 0.8, PROB_BASE AUC: 0.894431481364697, LOGPROB_BASE AUC: 0.9769397321897795, PROB_BASE ACC: 0.8152350081037277, LOGPROB_BASE ACC: 0.9351701782820098
ref_path: opt-350m, RATIO: 0.8, PROB_REF AUC: 0.6672973029787055, LOGPROB_REF AUC: 0.7222572575728912, PROB_REF ACC: 0.5364667747163695, LOGPROB_REF ACC: 0.5591572123176661

ref_path: opt-350m, RATIO: 0.9, PROB AUC: 0.6718378844253852, LOGPROB AUC: 0.7224149166509009, PROB ACC: 0.5332252836304701, LOGPROB ACC: 0.5591572123176661
ref_path: opt-350m, RATIO: 0.9, PROB_BASE AUC: 0.7086775556536545, LOGPROB_BASE AUC: 0.8168842361943202, PROB_BASE ACC: 0.5850891410048622, LOGPROB_BASE ACC: 0.7017828200972447
ref_path: opt-350m, RATIO: 0.9, PROB_REF AUC: 0.6700510815412752, LOGPROB_REF AUC: 0.7221521515208846, PROB_REF ACC: 0.5364667747163695, LOGPROB_REF ACC: 0.5591572123176661

ref_path: opt-350m, RATIO: 1.0, PROB AUC: 0.6703033360660907, LOGPROB AUC: 0.7222572575728912, PROB ACC: 0.5364667747163695, LOGPROB ACC: 0.5591572123176661
ref_path: opt-350m, RATIO: 1.0, PROB_BASE AUC: 0.6704925269597023, LOGPROB_BASE AUC: 0.722320321204095, PROB_BASE ACC: 0.5364667747163695, LOGPROB_BASE ACC: 0.5591572123176661
ref_path: opt-350m, RATIO: 1.0, PROB_REF AUC: 0.6703033360660907, LOGPROB_REF AUC: 0.7222572575728912, PROB_REF ACC: 0.5364667747163695, LOGPROB_REF ACC: 0.5591572123176661




ref_path: results/checkpoint-10, PPL AUC: 0.94529229993063, PROB AUC: 0.748197431208089, LOGPROB AUC: 0.9884698660948897, PPL ACC: 0.8897893030794165, PROB ACC: 0.5883306320907618, LOGPROB ACC: 0.9578606158833063
ref_path: results/checkpoint-10, RATIO: 0.01, PROB AUC: 0.8344369468794013, LOGPROB AUC: 0.8790965083769524, PROB ACC: 0.7698541329011345, LOGPROB ACC: 0.7893030794165316
ref_path: results/checkpoint-10, RATIO: 0.01, PROB_BASE AUC: 0.7652035904227366, LOGPROB_BASE AUC: 0.8706249605852305, PROB_BASE ACC: 0.7017828200972447, LOGPROB_BASE ACC: 0.7925445705024311
ref_path: results/checkpoint-10, RATIO: 0.01, PROB_REF AUC: 0.695308065838431, LOGPROB_REF AUC: 0.7869815643984781, PROB_REF ACC: 0.6499189627228525, LOGPROB_REF ACC: 0.7277147487844409

ref_path: results/checkpoint-10, RATIO: 0.02, PROB AUC: 0.8904584725988521, LOGPROB AUC: 0.9383553004982027, PROB ACC: 0.8152350081037277, LOGPROB ACC: 0.86709886547812
ref_path: results/checkpoint-10, RATIO: 0.02, PROB_BASE AUC: 0.830243215404343, LOGPROB_BASE AUC: 0.9423598410796493, PROB_BASE ACC: 0.7698541329011345, LOGPROB_BASE ACC: 0.86709886547812
ref_path: results/checkpoint-10, RATIO: 0.02, PROB_REF AUC: 0.64334363372643, LOGPROB_REF AUC: 0.8410165857350067, PROB_REF ACC: 0.5948136142625607, LOGPROB_REF ACC: 0.773095623987034

ref_path: results/checkpoint-10, RATIO: 0.03, PROB AUC: 0.9154106493451893, LOGPROB AUC: 0.9634441151121481, PROB ACC: 0.8346839546191248, LOGPROB ACC: 0.9124797406807131
ref_path: results/checkpoint-10, RATIO: 0.03, PROB_BASE AUC: 0.842708793172311, LOGPROB_BASE AUC: 0.9644216013958085, PROB_BASE ACC: 0.7763371150729336, LOGPROB_BASE ACC: 0.9027552674230146
ref_path: results/checkpoint-10, RATIO: 0.03, PROB_REF AUC: 0.6084063820394778, LOGPROB_REF AUC: 0.8803788022114313, PROB_REF ACC: 0.5526742301458671, LOGPROB_REF ACC: 0.8022690437601296

ref_path: results/checkpoint-10, RATIO: 0.04, PROB AUC: 0.9246810031321604, LOGPROB AUC: 0.9740703369700028, PROB ACC: 0.8411669367909238, LOGPROB ACC: 0.9254457050243112
ref_path: results/checkpoint-10, RATIO: 0.04, PROB_BASE AUC: 0.8589897206281137, LOGPROB_BASE AUC: 0.9778541548422358, PROB_BASE ACC: 0.7763371150729336, LOGPROB_BASE ACC: 0.9254457050243112
ref_path: results/checkpoint-10, RATIO: 0.04, PROB_REF AUC: 0.6112547560488533, LOGPROB_REF AUC: 0.9024615837379916, PROB_REF ACC: 0.5591572123176661, LOGPROB_REF ACC: 0.8314424635332253

ref_path: results/checkpoint-10, RATIO: 0.05, PROB AUC: 0.9260999348342478, LOGPROB AUC: 0.9794622774379349, PROB ACC: 0.8411669367909238, LOGPROB ACC: 0.9254457050243112
ref_path: results/checkpoint-10, RATIO: 0.05, PROB_BASE AUC: 0.9145908221395389, LOGPROB_BASE AUC: 0.9866305101847763, PROB_BASE ACC: 0.8346839546191248, LOGPROB_BASE ACC: 0.9578606158833063
ref_path: results/checkpoint-10, RATIO: 0.05, PROB_REF AUC: 0.6127998150133483, LOGPROB_REF AUC: 0.919089361165416, PROB_REF ACC: 0.5559157212317666, LOGPROB_REF ACC: 0.8573743922204214

ref_path: results/checkpoint-10, RATIO: 0.06, PROB AUC: 0.9275188665363351, LOGPROB AUC: 0.983897752832608, PROB ACC: 0.8476499189627229, LOGPROB ACC: 0.9481361426256077
ref_path: results/checkpoint-10, RATIO: 0.06, PROB_BASE AUC: 0.927224569590717, LOGPROB_BASE AUC: 0.9898993084021778, PROB_BASE ACC: 0.8703403565640194, LOGPROB_BASE ACC: 0.9611021069692058
ref_path: results/checkpoint-10, RATIO: 0.06, PROB_REF AUC: 0.6117907969140863, LOGPROB_REF AUC: 0.9272035483803157, PROB_REF ACC: 0.5688816855753647, LOGPROB_REF ACC: 0.86709886547812

ref_path: results/checkpoint-10, RATIO: 0.07, PROB AUC: 0.9235563683756911, LOGPROB AUC: 0.9866199995795758, PROB ACC: 0.8249594813614263, LOGPROB ACC: 0.9513776337115073
ref_path: results/checkpoint-10, RATIO: 0.07, PROB_BASE AUC: 0.923409219902882, LOGPROB_BASE AUC: 0.9926320657543461, PROB_BASE ACC: 0.8444084278768234, LOGPROB_BASE ACC: 0.9578606158833063
ref_path: results/checkpoint-10, RATIO: 0.07, PROB_REF AUC: 0.6074814487818209, LOGPROB_REF AUC: 0.927014357486704, PROB_REF ACC: 0.5429497568881686, LOGPROB_REF ACC: 0.8573743922204214

ref_path: results/checkpoint-10, RATIO: 0.08, PROB AUC: 0.9223266275672153, LOGPROB AUC: 0.9878182085724496, PROB ACC: 0.8314424635332253, LOGPROB ACC: 0.9578606158833063
ref_path: results/checkpoint-10, RATIO: 0.08, PROB_BASE AUC: 0.9296209875764647, LOGPROB_BASE AUC: 0.9946290807424693, PROB_BASE ACC: 0.8638573743922204, LOGPROB_BASE ACC: 0.9675850891410048
ref_path: results/checkpoint-10, RATIO: 0.08, PROB_REF AUC: 0.5970654390279792, LOGPROB_REF AUC: 0.9299783481532867, PROB_REF ACC: 0.5494327390599676, LOGPROB_REF ACC: 0.8508914100486223

ref_path: results/checkpoint-10, RATIO: 0.09, PROB AUC: 0.9173025582813058, LOGPROB AUC: 0.9885749721468962, PROB ACC: 0.8217179902755267, LOGPROB ACC: 0.9578606158833063
ref_path: results/checkpoint-10, RATIO: 0.09, PROB_BASE AUC: 0.9377351747913645, LOGPROB_BASE AUC: 0.9949759307140905, PROB_BASE ACC: 0.8833063209076175, LOGPROB_BASE ACC: 0.9708265802269044
ref_path: results/checkpoint-10, RATIO: 0.09, PROB_REF AUC: 0.6080174896470538, LOGPROB_REF AUC: 0.9355910113304324, PROB_REF ACC: 0.5559157212317666, LOGPROB_REF ACC: 0.86709886547812

ref_path: results/checkpoint-10, RATIO: 0.1, PROB AUC: 0.914170397931513, LOGPROB AUC: 0.9888902903029156, PROB ACC: 0.8184764991896273, LOGPROB ACC: 0.9546191247974068
ref_path: results/checkpoint-10, RATIO: 0.1, PROB_BASE AUC: 0.9404889533539342, LOGPROB_BASE AUC: 0.9939879338252297, PROB_BASE ACC: 0.8833063209076175, LOGPROB_BASE ACC: 0.9773095623987034
ref_path: results/checkpoint-10, RATIO: 0.1, PROB_REF AUC: 0.5954047634062769, LOGPROB_REF AUC: 0.9385129595762123, PROB_REF ACC: 0.539708265802269, LOGPROB_REF ACC: 0.8768233387358185

ref_path: results/checkpoint-10, RATIO: 0.2, PROB AUC: 0.9027243488680079, LOGPROB AUC: 0.9930630005675727, PROB ACC: 0.8217179902755267, LOGPROB ACC: 0.9740680713128039
ref_path: results/checkpoint-10, RATIO: 0.2, PROB_BASE AUC: 0.9792730865443233, LOGPROB_BASE AUC: 0.9976035820142525, PROB_BASE ACC: 0.9546191247974068, LOGPROB_BASE ACC: 0.9837925445705025
ref_path: results/checkpoint-10, RATIO: 0.2, PROB_REF AUC: 0.6181076706396755, LOGPROB_REF AUC: 0.9740388051544008, PROB_REF ACC: 0.526742301458671, LOGPROB_REF ACC: 0.9319286871961102

ref_path: results/checkpoint-10, RATIO: 0.3, PROB AUC: 0.9034285594164512, LOGPROB AUC: 0.9937672111160161, PROB ACC: 0.8119935170178282, LOGPROB ACC: 0.9805510534846029
ref_path: results/checkpoint-10, RATIO: 0.3, PROB_BASE AUC: 0.9897626705345693, LOGPROB_BASE AUC: 0.9967627335982006, PROB_BASE ACC: 0.9611021069692058, LOGPROB_BASE ACC: 0.9902755267423015
ref_path: results/checkpoint-10, RATIO: 0.3, PROB_REF AUC: 0.6483151499863362, LOGPROB_REF AUC: 0.9814067394000546, PROB_REF ACC: 0.5559157212317666, LOGPROB_REF ACC: 0.9578606158833063

ref_path: results/checkpoint-10, RATIO: 0.4, PROB AUC: 0.8900170271804251, LOGPROB AUC: 0.9933993399339933, PROB ACC: 0.7893030794165316, LOGPROB ACC: 0.9837925445705025
ref_path: results/checkpoint-10, RATIO: 0.4, PROB_BASE AUC: 0.982110949948498, LOGPROB_BASE AUC: 0.9971936684114272, PROB_BASE ACC: 0.9384116693679092, LOGPROB_BASE ACC: 0.9902755267423015
ref_path: results/checkpoint-10, RATIO: 0.4, PROB_REF AUC: 0.6669504530070841, LOGPROB_REF AUC: 0.9847911542746631, PROB_REF ACC: 0.5656401944894651, LOGPROB_REF ACC: 0.9611021069692058

ref_path: results/checkpoint-10, RATIO: 0.5, PROB AUC: 0.8686594774127094, LOGPROB AUC: 0.9931365748039772, PROB ACC: 0.7536466774716369, LOGPROB ACC: 0.9837925445705025
ref_path: results/checkpoint-10, RATIO: 0.5, PROB_BASE AUC: 0.9833932437829771, LOGPROB_BASE AUC: 0.9971936684114272, PROB_BASE ACC: 0.9351701782820098, LOGPROB_BASE ACC: 0.9902755267423015
ref_path: results/checkpoint-10, RATIO: 0.5, PROB_REF AUC: 0.6952344916020264, LOGPROB_REF AUC: 0.9877236131256437, PROB_REF ACC: 0.5818476499189628, LOGPROB_REF ACC: 0.9708265802269044

ref_path: results/checkpoint-10, RATIO: 0.6, PROB AUC: 0.8311366168463981, LOGPROB AUC: 0.9924008324399318, PROB ACC: 0.7244732576985413, LOGPROB ACC: 0.9773095623987034
ref_path: results/checkpoint-10, RATIO: 0.6, PROB_BASE AUC: 0.9504530070841479, LOGPROB_BASE AUC: 0.9962687351537701, PROB_BASE ACC: 0.8703403565640194, LOGPROB_BASE ACC: 0.993517017828201
ref_path: results/checkpoint-10, RATIO: 0.6, PROB_REF AUC: 0.7251161421874672, LOGPROB_REF AUC: 0.9885959933572975, PROB_REF ACC: 0.5656401944894651, LOGPROB_REF ACC: 0.9611021069692058

ref_path: results/checkpoint-10, RATIO: 0.7, PROB AUC: 0.7848163797271447, LOGPROB AUC: 0.9915599840238801, PROB ACC: 0.6596434359805511, LOGPROB ACC: 0.9643435980551054
ref_path: results/checkpoint-10, RATIO: 0.7, PROB_BASE AUC: 0.9284437997939922, LOGPROB_BASE AUC: 0.9951441003973008, PROB_BASE ACC: 0.8379254457050244, LOGPROB_BASE ACC: 0.9902755267423015
ref_path: results/checkpoint-10, RATIO: 0.7, PROB_REF AUC: 0.7391583107355321, LOGPROB_REF AUC: 0.9888902903029156, PROB_REF ACC: 0.5786061588330632, LOGPROB_REF ACC: 0.9611021069692058

ref_path: results/checkpoint-10, RATIO: 0.8, PROB AUC: 0.7543776670660698, LOGPROB AUC: 0.9901515629269934, PROB ACC: 0.6045380875202593, LOGPROB ACC: 0.9611021069692058
ref_path: results/checkpoint-10, RATIO: 0.8, PROB_BASE AUC: 0.9296525193920666, LOGPROB_BASE AUC: 0.9944398898488575, PROB_BASE ACC: 0.8379254457050244, LOGPROB_BASE ACC: 0.9902755267423015
ref_path: results/checkpoint-10, RATIO: 0.8, PROB_REF AUC: 0.745422631435118, LOGPROB_REF AUC: 0.9891005024069286, PROB_REF ACC: 0.5818476499189628, LOGPROB_REF ACC: 0.9611021069692058

ref_path: results/checkpoint-10, RATIO: 0.9, PROB AUC: 0.7493535977801602, LOGPROB AUC: 0.9887536524353072, PROB ACC: 0.5883306320907618, LOGPROB ACC: 0.9578606158833063
ref_path: results/checkpoint-10, RATIO: 0.9, PROB_BASE AUC: 0.8409745433142041, LOGPROB_BASE AUC: 0.9938092535368186, PROB_BASE ACC: 0.7244732576985413, LOGPROB_BASE ACC: 0.9805510534846029
ref_path: results/checkpoint-10, RATIO: 0.9, PROB_REF AUC: 0.7488490887305291, LOGPROB_REF AUC: 0.988522419120893, PROB_REF ACC: 0.5883306320907618, LOGPROB_REF ACC: 0.9578606158833063

ref_path: results/checkpoint-10, RATIO: 1.0, PROB AUC: 0.7482289630236909, LOGPROB AUC: 0.9884593554896891, PROB ACC: 0.5883306320907618, LOGPROB ACC: 0.9578606158833063
ref_path: results/checkpoint-10, RATIO: 1.0, PROB_BASE AUC: 0.7485653023901118, LOGPROB_BASE AUC: 0.9884593554896891, PROB_BASE ACC: 0.5883306320907618, LOGPROB_BASE ACC: 0.9578606158833063
ref_path: results/checkpoint-10, RATIO: 1.0, PROB_REF AUC: 0.7482289630236909, LOGPROB_REF AUC: 0.9884593554896891, PROB_REF ACC: 0.5883306320907618, LOGPROB_REF ACC: 0.9578606158833063




ref_path: results/checkpoint-20, PPL AUC: 0.939238191335057, PROB AUC: 0.9215488427823674, LOGPROB AUC: 0.9901515629269934, PPL ACC: 0.8865478119935171, PROB ACC: 0.8508914100486223, LOGPROB ACC: 0.9675850891410048
ref_path: results/checkpoint-20, RATIO: 0.01, PROB AUC: 0.837936978411217, LOGPROB AUC: 0.8788337432469361, PROB ACC: 0.7601296596434359, LOGPROB ACC: 0.7957860615883307
ref_path: results/checkpoint-20, RATIO: 0.01, PROB_BASE AUC: 0.7672321372264617, LOGPROB_BASE AUC: 0.8624582203443274, PROB_BASE ACC: 0.7017828200972447, LOGPROB_BASE ACC: 0.7763371150729336
ref_path: results/checkpoint-20, RATIO: 0.01, PROB_REF AUC: 0.7429316180025647, LOGPROB_REF AUC: 0.8320195076832525, PROB_REF ACC: 0.6758508914100486, LOGPROB_REF ACC: 0.7633711507293355

ref_path: results/checkpoint-20, RATIO: 0.02, PROB AUC: 0.9015051186647328, LOGPROB AUC: 0.9413298017699859, PROB ACC: 0.8152350081037277, LOGPROB ACC: 0.873581847649919
ref_path: results/checkpoint-20, RATIO: 0.02, PROB_BASE AUC: 0.8202686510689285, LOGPROB_BASE AUC: 0.9337936978411217, PROB_BASE ACC: 0.7568881685575365, LOGPROB_BASE ACC: 0.8768233387358185
ref_path: results/checkpoint-20, RATIO: 0.02, PROB_REF AUC: 0.7695654915810052, LOGPROB_REF AUC: 0.9092934771184125, PROB_REF ACC: 0.7082658022690438, LOGPROB_REF ACC: 0.8282009724473258

ref_path: results/checkpoint-20, RATIO: 0.03, PROB AUC: 0.9237665804797041, LOGPROB AUC: 0.9671964011687793, PROB ACC: 0.8541329011345219, LOGPROB ACC: 0.9092382495948136
ref_path: results/checkpoint-20, RATIO: 0.03, PROB_BASE AUC: 0.8527779529545312, LOGPROB_BASE AUC: 0.9600912320531416, PROB_BASE ACC: 0.7893030794165316, LOGPROB_BASE ACC: 0.9059967585089141
ref_path: results/checkpoint-20, RATIO: 0.03, PROB_REF AUC: 0.7821887284269828, LOGPROB_REF AUC: 0.9400685291459082, PROB_REF ACC: 0.7244732576985413, LOGPROB_REF ACC: 0.86709886547812

ref_path: results/checkpoint-20, RATIO: 0.04, PROB AUC: 0.935275693174413, LOGPROB AUC: 0.9803556788799899, PROB ACC: 0.8573743922204214, LOGPROB ACC: 0.9189627228525121
ref_path: results/checkpoint-20, RATIO: 0.04, PROB_BASE AUC: 0.861785541611486, LOGPROB_BASE AUC: 0.9794727880431355, PROB_BASE ACC: 0.8022690437601296, LOGPROB_BASE ACC: 0.9319286871961102
ref_path: results/checkpoint-20, RATIO: 0.04, PROB_REF AUC: 0.7837548086018793, LOGPROB_REF AUC: 0.9541212082991739, PROB_REF ACC: 0.7309562398703403, LOGPROB_REF ACC: 0.8865478119935171

ref_path: results/checkpoint-20, RATIO: 0.05, PROB AUC: 0.9369048369805133, LOGPROB AUC: 0.9883332282272814, PROB ACC: 0.8541329011345219, LOGPROB ACC: 0.9351701782820098
ref_path: results/checkpoint-20, RATIO: 0.05, PROB_BASE AUC: 0.9042063442012992, LOGPROB_BASE AUC: 0.9891530554329317, PROB_BASE ACC: 0.8379254457050244, LOGPROB_BASE ACC: 0.9481361426256077
ref_path: results/checkpoint-20, RATIO: 0.05, PROB_REF AUC: 0.7836391919446722, LOGPROB_REF AUC: 0.9632549242185364, PROB_REF ACC: 0.7374392220421394, LOGPROB_REF ACC: 0.9157212317666127

ref_path: results/checkpoint-20, RATIO: 0.06, PROB AUC: 0.9363162430892771, LOGPROB AUC: 0.9927161505959513, PROB ACC: 0.8476499189627229, LOGPROB ACC: 0.9546191247974068
ref_path: results/checkpoint-20, RATIO: 0.06, PROB_BASE AUC: 0.9144016312459271, LOGPROB_BASE AUC: 0.9936095520380064, PROB_BASE ACC: 0.8541329011345219, LOGPROB_BASE ACC: 0.9611021069692058
ref_path: results/checkpoint-20, RATIO: 0.06, PROB_REF AUC: 0.7779004015051187, LOGPROB_REF AUC: 0.9635702423745559, PROB_REF ACC: 0.7341977309562399, LOGPROB_REF ACC: 0.9286871961102107

ref_path: results/checkpoint-20, RATIO: 0.07, PROB AUC: 0.9358222446448466, LOGPROB AUC: 0.9945344852956634, PROB ACC: 0.8444084278768234, LOGPROB ACC: 0.9675850891410048
ref_path: results/checkpoint-20, RATIO: 0.07, PROB_BASE AUC: 0.9183956612221732, LOGPROB_BASE AUC: 0.994513464085262, PROB_BASE ACC: 0.8573743922204214, LOGPROB_BASE ACC: 0.9643435980551054
ref_path: results/checkpoint-20, RATIO: 0.07, PROB_REF AUC: 0.7660339282335877, LOGPROB_REF AUC: 0.9629711378781189, PROB_REF ACC: 0.7212317666126418, LOGPROB_REF ACC: 0.9319286871961102

ref_path: results/checkpoint-20, RATIO: 0.08, PROB AUC: 0.9353177355952156, LOGPROB AUC: 0.9950915473712977, PROB ACC: 0.8444084278768234, LOGPROB ACC: 0.9708265802269044
ref_path: results/checkpoint-20, RATIO: 0.08, PROB_BASE AUC: 0.9253536818650018, LOGPROB_BASE AUC: 0.9963738412057765, PROB_BASE ACC: 0.8703403565640194, LOGPROB_BASE ACC: 0.9675850891410048
ref_path: results/checkpoint-20, RATIO: 0.08, PROB_REF AUC: 0.7565743835530049, LOGPROB_REF AUC: 0.9647474301570285, PROB_REF ACC: 0.7179902755267423, LOGPROB_REF ACC: 0.9384116693679092

ref_path: results/checkpoint-20, RATIO: 0.09, PROB AUC: 0.9346030144415716, LOGPROB AUC: 0.9954804397637216, PROB ACC: 0.8379254457050244, LOGPROB ACC: 0.9675850891410048
ref_path: results/checkpoint-20, RATIO: 0.09, PROB_BASE AUC: 0.937777217212167, LOGPROB_BASE AUC: 0.997288263858233, PROB_BASE ACC: 0.880064829821718, LOGPROB_BASE ACC: 0.9773095623987034
ref_path: results/checkpoint-20, RATIO: 0.09, PROB_REF AUC: 0.7470307540308171, LOGPROB_REF AUC: 0.9686994177124719, PROB_REF ACC: 0.7147487844408428, LOGPROB_REF ACC: 0.9351701782820098

ref_path: results/checkpoint-20, RATIO: 0.1, PROB AUC: 0.9365684976140927, LOGPROB AUC: 0.9953438018961132, PROB ACC: 0.8411669367909238, LOGPROB ACC: 0.9675850891410048
ref_path: results/checkpoint-20, RATIO: 0.1, PROB_BASE AUC: 0.9450190241954133, LOGPROB_BASE AUC: 0.9975510289882492, PROB_BASE ACC: 0.8962722852512156, LOGPROB_BASE ACC: 0.9773095623987034
ref_path: results/checkpoint-20, RATIO: 0.1, PROB_REF AUC: 0.7363204473313573, LOGPROB_REF AUC: 0.9657564482562906, PROB_REF ACC: 0.6952998379254457, LOGPROB_REF ACC: 0.9254457050243112

ref_path: results/checkpoint-20, RATIO: 0.2, PROB AUC: 0.9431796682852999, LOGPROB AUC: 0.9967312017825987, PROB ACC: 0.86709886547812, LOGPROB ACC: 0.9805510534846029
ref_path: results/checkpoint-20, RATIO: 0.2, PROB_BASE AUC: 0.9722520022702905, LOGPROB_BASE AUC: 0.9991801727943495, PROB_BASE ACC: 0.9448946515397083, LOGPROB_BASE ACC: 0.9902755267423015
ref_path: results/checkpoint-20, RATIO: 0.2, PROB_REF AUC: 0.727954005591642, LOGPROB_REF AUC: 0.9737760400243847, PROB_REF ACC: 0.6855753646677472, LOGPROB_REF ACC: 0.9546191247974068

ref_path: results/checkpoint-20, RATIO: 0.3, PROB AUC: 0.9440730697273548, LOGPROB AUC: 0.9963002669693721, PROB ACC: 0.8606158833063209, LOGPROB ACC: 0.9837925445705025
ref_path: results/checkpoint-20, RATIO: 0.3, PROB_BASE AUC: 0.988165058544071, LOGPROB_BASE AUC: 0.9985495364823107, PROB_BASE ACC: 0.9578606158833063, LOGPROB_BASE ACC: 0.993517017828201
ref_path: results/checkpoint-20, RATIO: 0.3, PROB_REF AUC: 0.7697967248954194, LOGPROB_REF AUC: 0.9827415862605369, PROB_REF ACC: 0.7277147487844409, LOGPROB_REF ACC: 0.9611021069692058

ref_path: results/checkpoint-20, RATIO: 0.4, PROB AUC: 0.944934939353808, LOGPROB AUC: 0.9959639276029514, PROB ACC: 0.8573743922204214, LOGPROB ACC: 0.9837925445705025
ref_path: results/checkpoint-20, RATIO: 0.4, PROB_BASE AUC: 0.9863677450547602, LOGPROB_BASE AUC: 0.998749237981123, PROB_BASE ACC: 0.9578606158833063, LOGPROB_BASE ACC: 0.993517017828201
ref_path: results/checkpoint-20, RATIO: 0.4, PROB_REF AUC: 0.8081709444829833, LOGPROB_REF AUC: 0.9870719556032036, PROB_REF ACC: 0.7504051863857374, LOGPROB_REF ACC: 0.9611021069692058

ref_path: results/checkpoint-20, RATIO: 0.5, PROB AUC: 0.9559710748144878, LOGPROB AUC: 0.9956065670261294, PROB ACC: 0.880064829821718, LOGPROB ACC: 0.9837925445705025
ref_path: results/checkpoint-20, RATIO: 0.5, PROB_BASE AUC: 0.9912236446574594, LOGPROB_BASE AUC: 0.999106598557945, PROB_BASE ACC: 0.9643435980551054, LOGPROB_BASE ACC: 0.993517017828201
ref_path: results/checkpoint-20, RATIO: 0.5, PROB_REF AUC: 0.850129280443968, LOGPROB_REF AUC: 0.9889533539341195, PROB_REF ACC: 0.7828200972447326, LOGPROB_REF ACC: 0.9611021069692058

ref_path: results/checkpoint-20, RATIO: 0.6, PROB AUC: 0.9557293308948729, LOGPROB AUC: 0.9947552080048769, PROB ACC: 0.880064829821718, LOGPROB ACC: 0.9773095623987034
ref_path: results/checkpoint-20, RATIO: 0.6, PROB_BASE AUC: 0.9841605179626243, LOGPROB_BASE AUC: 0.998602089508314, PROB_BASE ACC: 0.9254457050243112, LOGPROB_BASE ACC: 0.993517017828201
ref_path: results/checkpoint-20, RATIO: 0.6, PROB_REF AUC: 0.8726850392045574, LOGPROB_REF AUC: 0.9890269281705241, PROB_REF ACC: 0.7957860615883307, LOGPROB_REF ACC: 0.9643435980551054

ref_path: results/checkpoint-20, RATIO: 0.7, PROB AUC: 0.9402366988291186, LOGPROB AUC: 0.9937567005108154, PROB ACC: 0.8541329011345219, LOGPROB ACC: 0.9708265802269044
ref_path: results/checkpoint-20, RATIO: 0.7, PROB_BASE AUC: 0.9740703369700026, LOGPROB_BASE AUC: 0.99740388051544, PROB_BASE ACC: 0.9124797406807131, LOGPROB_BASE ACC: 0.993517017828201
ref_path: results/checkpoint-20, RATIO: 0.7, PROB_REF AUC: 0.9044901305417166, LOGPROB_REF AUC: 0.9896155220617604, PROB_REF ACC: 0.8314424635332253, LOGPROB_REF ACC: 0.9675850891410048

ref_path: results/checkpoint-20, RATIO: 0.8, PROB AUC: 0.9251855121817915, LOGPROB AUC: 0.991980408231906, PROB ACC: 0.8476499189627229, LOGPROB ACC: 0.9708265802269044
ref_path: results/checkpoint-20, RATIO: 0.8, PROB_BASE AUC: 0.9744066763364235, LOGPROB_BASE AUC: 0.9966050745201909, PROB_BASE ACC: 0.9286871961102107, LOGPROB_BASE ACC: 0.9902755267423015
ref_path: results/checkpoint-20, RATIO: 0.8, PROB_REF AUC: 0.918490256668979, LOGPROB_REF AUC: 0.990193605347796, PROB_REF ACC: 0.8541329011345219, LOGPROB_REF ACC: 0.9675850891410048

ref_path: results/checkpoint-20, RATIO: 0.9, PROB AUC: 0.9239557713733156, LOGPROB AUC: 0.9904458598726115, PROB ACC: 0.8606158833063209, LOGPROB ACC: 0.9675850891410048
ref_path: results/checkpoint-20, RATIO: 0.9, PROB_BASE AUC: 0.954299888587585, LOGPROB_BASE AUC: 0.9957116730781358, PROB_BASE ACC: 0.880064829821718, LOGPROB_BASE ACC: 0.9902755267423015
ref_path: results/checkpoint-20, RATIO: 0.9, PROB_REF AUC: 0.9225263290660277, LOGPROB_REF AUC: 0.9902251371633979, PROB_REF ACC: 0.8573743922204214, LOGPROB_REF ACC: 0.9675850891410048

ref_path: results/checkpoint-20, RATIO: 1.0, PROB AUC: 0.9215488427823675, LOGPROB AUC: 0.990162073532194, PROB ACC: 0.8508914100486223, LOGPROB ACC: 0.9675850891410048
ref_path: results/checkpoint-20, RATIO: 1.0, PROB_BASE AUC: 0.9216329276239726, LOGPROB_BASE AUC: 0.990162073532194, PROB_BASE ACC: 0.8508914100486223, LOGPROB_BASE ACC: 0.9675850891410048
ref_path: results/checkpoint-20, RATIO: 1.0, PROB_REF AUC: 0.9215488427823675, LOGPROB_REF AUC: 0.990162073532194, PROB_REF ACC: 0.8508914100486223, LOGPROB_REF ACC: 0.9675850891410048




ref_path: results/checkpoint-30, PPL AUC: 0.9520611296798469, PROB AUC: 0.9537533371171512, LOGPROB AUC: 0.9947341867944757, PPL ACC: 0.9059967585089141, PROB ACC: 0.9124797406807131, LOGPROB ACC: 0.9740680713128039
ref_path: results/checkpoint-30, RATIO: 0.01, PROB AUC: 0.8533350150301655, LOGPROB AUC: 0.8865169956486094, PROB ACC: 0.7957860615883307, LOGPROB ACC: 0.8087520259319287
ref_path: results/checkpoint-30, RATIO: 0.01, PROB_BASE AUC: 0.790828445901915, LOGPROB_BASE AUC: 0.875827710159551, PROB_BASE ACC: 0.7374392220421394, LOGPROB_BASE ACC: 0.7893030794165316
ref_path: results/checkpoint-30, RATIO: 0.01, PROB_REF AUC: 0.752611885392361, LOGPROB_REF AUC: 0.8498980471295537, PROB_REF ACC: 0.6823338735818476, LOGPROB_REF ACC: 0.7990275526742301

ref_path: results/checkpoint-30, RATIO: 0.02, PROB AUC: 0.9118475541821699, LOGPROB AUC: 0.9493809253536819, PROB ACC: 0.8152350081037277, LOGPROB ACC: 0.8962722852512156
ref_path: results/checkpoint-30, RATIO: 0.02, PROB_BASE AUC: 0.8490256668979, LOGPROB_BASE AUC: 0.9470896134199408, PROB_BASE ACC: 0.773095623987034, LOGPROB_BASE ACC: 0.8865478119935171
ref_path: results/checkpoint-30, RATIO: 0.02, PROB_REF AUC: 0.7734439049000441, LOGPROB_REF AUC: 0.9097664543524415, PROB_REF ACC: 0.7147487844408428, LOGPROB_REF ACC: 0.8346839546191248

ref_path: results/checkpoint-30, RATIO: 0.03, PROB AUC: 0.9285909482668012, LOGPROB AUC: 0.9723045552962939, PROB ACC: 0.8476499189627229, LOGPROB ACC: 0.9157212317666127
ref_path: results/checkpoint-30, RATIO: 0.03, PROB_BASE AUC: 0.8609026507746316, LOGPROB_BASE AUC: 0.9700132433625528, PROB_BASE ACC: 0.7990275526742301, LOGPROB_BASE ACC: 0.9189627228525121
ref_path: results/checkpoint-30, RATIO: 0.03, PROB_REF AUC: 0.791038658005928, LOGPROB_REF AUC: 0.9437892833869375, PROB_REF ACC: 0.7212317666126418, LOGPROB_REF ACC: 0.893030794165316

ref_path: results/checkpoint-30, RATIO: 0.04, PROB AUC: 0.9426646486304682, LOGPROB AUC: 0.9821424817641, PROB ACC: 0.8703403565640194, LOGPROB ACC: 0.9286871961102107
ref_path: results/checkpoint-30, RATIO: 0.04, PROB_BASE AUC: 0.8796115280317841, LOGPROB_BASE AUC: 0.9833301801517731, PROB_BASE ACC: 0.8184764991896273, LOGPROB_BASE ACC: 0.9384116693679092
ref_path: results/checkpoint-30, RATIO: 0.04, PROB_REF AUC: 0.8033886191166887, LOGPROB_REF AUC: 0.9569695823085494, PROB_REF ACC: 0.747163695299838, LOGPROB_REF ACC: 0.9059967585089141

ref_path: results/checkpoint-30, RATIO: 0.05, PROB AUC: 0.9481196527296041, LOGPROB AUC: 0.9889218221185176, PROB ACC: 0.8638573743922204, LOGPROB ACC: 0.9481361426256077
ref_path: results/checkpoint-30, RATIO: 0.05, PROB_BASE AUC: 0.9133085283050597, LOGPROB_BASE AUC: 0.9894893947993526, PROB_BASE ACC: 0.8638573743922204, LOGPROB_BASE ACC: 0.9513776337115073
ref_path: results/checkpoint-30, RATIO: 0.05, PROB_REF AUC: 0.8145088394189738, LOGPROB_REF AUC: 0.9649471316558408, PROB_REF ACC: 0.766612641815235, LOGPROB_REF ACC: 0.9254457050243112

ref_path: results/checkpoint-30, RATIO: 0.06, PROB AUC: 0.9493914359588825, LOGPROB AUC: 0.9925690021231424, PROB ACC: 0.8573743922204214, LOGPROB ACC: 0.9611021069692058
ref_path: results/checkpoint-30, RATIO: 0.06, PROB_BASE AUC: 0.9333627630278953, LOGPROB_BASE AUC: 0.9936095520380064, PROB_BASE ACC: 0.8865478119935171, LOGPROB_BASE ACC: 0.9643435980551054
ref_path: results/checkpoint-30, RATIO: 0.06, PROB_REF AUC: 0.81038868218032, LOGPROB_REF AUC: 0.9719366841142713, PROB_REF ACC: 0.766612641815235, LOGPROB_REF ACC: 0.9351701782820098

ref_path: results/checkpoint-30, RATIO: 0.07, PROB AUC: 0.9493914359588825, LOGPROB AUC: 0.9949128670828866, PROB ACC: 0.86709886547812, LOGPROB ACC: 0.9643435980551054
ref_path: results/checkpoint-30, RATIO: 0.07, PROB_BASE AUC: 0.9335519539215068, LOGPROB_BASE AUC: 0.9946080595320679, PROB_BASE ACC: 0.873581847649919, LOGPROB_BASE ACC: 0.9675850891410048
ref_path: results/checkpoint-30, RATIO: 0.07, PROB_REF AUC: 0.8148451787853944, LOGPROB_REF AUC: 0.9733976582371613, PROB_REF ACC: 0.7925445705024311, LOGPROB_REF ACC: 0.9448946515397083

ref_path: results/checkpoint-30, RATIO: 0.08, PROB AUC: 0.9511467070273907, LOGPROB AUC: 0.9962161821277669, PROB ACC: 0.873581847649919, LOGPROB ACC: 0.9643435980551054
ref_path: results/checkpoint-30, RATIO: 0.08, PROB_BASE AUC: 0.927287633221921, LOGPROB_BASE AUC: 0.9970044775178154, PROB_BASE ACC: 0.873581847649919, LOGPROB_BASE ACC: 0.9805510534846029
ref_path: results/checkpoint-30, RATIO: 0.08, PROB_REF AUC: 0.821834731243825, LOGPROB_REF AUC: 0.9714952386958441, PROB_REF ACC: 0.7860615883306321, LOGPROB_REF ACC: 0.9416531604538088

ref_path: results/checkpoint-30, RATIO: 0.09, PROB AUC: 0.9514830463938114, LOGPROB AUC: 0.9969414138866116, PROB ACC: 0.8768233387358185, LOGPROB ACC: 0.9643435980551054
ref_path: results/checkpoint-30, RATIO: 0.09, PROB_BASE AUC: 0.9349708856235941, LOGPROB_BASE AUC: 0.9982237077210907, PROB_BASE ACC: 0.8897893030794165, LOGPROB_BASE ACC: 0.9837925445705025
ref_path: results/checkpoint-30, RATIO: 0.09, PROB_REF AUC: 0.8189548254188477, LOGPROB_REF AUC: 0.9730297870551385, PROB_REF ACC: 0.773095623987034, LOGPROB_REF ACC: 0.9448946515397083

ref_path: results/checkpoint-30, RATIO: 0.1, PROB AUC: 0.9534275083559312, LOGPROB AUC: 0.9974354123310419, PROB ACC: 0.8833063209076175, LOGPROB ACC: 0.9708265802269044
ref_path: results/checkpoint-30, RATIO: 0.1, PROB_BASE AUC: 0.9305564314393222, LOGPROB_BASE AUC: 0.9988858758487313, PROB_BASE ACC: 0.8833063209076175, LOGPROB_BASE ACC: 0.9805510534846029
ref_path: results/checkpoint-30, RATIO: 0.1, PROB_REF AUC: 0.8102730655231128, LOGPROB_REF AUC: 0.9760358201425239, PROB_REF ACC: 0.7536466774716369, LOGPROB_REF ACC: 0.9481361426256077

ref_path: results/checkpoint-30, RATIO: 0.2, PROB AUC: 0.9592819154526917, LOGPROB AUC: 0.9990330243215404, PROB ACC: 0.880064829821718, LOGPROB ACC: 0.9805510534846029
ref_path: results/checkpoint-30, RATIO: 0.2, PROB_BASE AUC: 0.9747430157028442, LOGPROB_BASE AUC: 0.9996636606335793, PROB_BASE ACC: 0.9513776337115073, LOGPROB_BASE ACC: 0.9902755267423015
ref_path: results/checkpoint-30, RATIO: 0.2, PROB_REF AUC: 0.8098105988942843, LOGPROB_REF AUC: 0.984318177040634, PROB_REF ACC: 0.7536466774716369, LOGPROB_REF ACC: 0.9643435980551054

ref_path: results/checkpoint-30, RATIO: 0.3, PROB AUC: 0.968846566185281, LOGPROB AUC: 0.9990960879527443, PROB ACC: 0.899513776337115, LOGPROB ACC: 0.9837925445705025
ref_path: results/checkpoint-30, RATIO: 0.3, PROB_BASE AUC: 0.9885959933572974, LOGPROB_BASE AUC: 0.9999159151583948, PROB_BASE ACC: 0.9643435980551054, LOGPROB_BASE ACC: 0.993517017828201
ref_path: results/checkpoint-30, RATIO: 0.3, PROB_REF AUC: 0.8323663576548738, LOGPROB_REF AUC: 0.9900149250593848, PROB_REF ACC: 0.7860615883306321, LOGPROB_REF ACC: 0.9643435980551054

ref_path: results/checkpoint-30, RATIO: 0.4, PROB AUC: 0.9708751129890059, LOGPROB AUC: 0.999043534926741, PROB ACC: 0.899513776337115, LOGPROB ACC: 0.9870340356564019
ref_path: results/checkpoint-30, RATIO: 0.4, PROB_BASE AUC: 0.9946711231632717, LOGPROB_BASE AUC: 0.999968468184398, PROB_BASE ACC: 0.9675850891410048, LOGPROB_BASE ACC: 0.9967585089141004
ref_path: results/checkpoint-30, RATIO: 0.4, PROB_REF AUC: 0.8594521872569423, LOGPROB_REF AUC: 0.9919173446007021, PROB_REF ACC: 0.7990275526742301, LOGPROB_REF ACC: 0.9708265802269044

ref_path: results/checkpoint-30, RATIO: 0.5, PROB AUC: 0.978684492653087, LOGPROB AUC: 0.9986336213239158, PROB ACC: 0.9254457050243112, LOGPROB ACC: 0.9837925445705025
ref_path: results/checkpoint-30, RATIO: 0.5, PROB_BASE AUC: 0.9967837548086018, LOGPROB_BASE AUC: 0.9999894893947993, PROB_BASE ACC: 0.9870340356564019, LOGPROB_BASE ACC: 0.9967585089141004
ref_path: results/checkpoint-30, RATIO: 0.5, PROB_REF AUC: 0.9020411595299658, LOGPROB_REF AUC: 0.993115553593576, PROB_REF ACC: 0.8411669367909238, LOGPROB_REF ACC: 0.9773095623987034

ref_path: results/checkpoint-30, RATIO: 0.6, PROB AUC: 0.9790103214143071, LOGPROB AUC: 0.998328813773097, PROB ACC: 0.9254457050243112, LOGPROB ACC: 0.9837925445705025
ref_path: results/checkpoint-30, RATIO: 0.6, PROB_BASE AUC: 0.9920960248891131, LOGPROB_BASE AUC: 1.0, PROB_BASE ACC: 0.9740680713128039, LOGPROB_BASE ACC: 1.0
ref_path: results/checkpoint-30, RATIO: 0.6, PROB_REF AUC: 0.9294633284984548, LOGPROB_REF AUC: 0.9939353807992265, PROB_REF ACC: 0.8638573743922204, LOGPROB_REF ACC: 0.9773095623987034

ref_path: results/checkpoint-30, RATIO: 0.7, PROB AUC: 0.9752475247524752, LOGPROB AUC: 0.997645624435055, PROB ACC: 0.9189627228525121, LOGPROB ACC: 0.9805510534846029
ref_path: results/checkpoint-30, RATIO: 0.7, PROB_BASE AUC: 0.9892266296693364, LOGPROB_BASE AUC: 0.9999894893947993, PROB_BASE ACC: 0.9481361426256077, LOGPROB_BASE ACC: 0.9967585089141004
ref_path: results/checkpoint-30, RATIO: 0.7, PROB_REF AUC: 0.9443568560677724, LOGPROB_REF AUC: 0.9943242731916504, PROB_REF ACC: 0.9027552674230146, LOGPROB_REF ACC: 0.9708265802269044

ref_path: results/checkpoint-30, RATIO: 0.8, PROB AUC: 0.9628345000105106, LOGPROB AUC: 0.9962582245485695, PROB ACC: 0.9124797406807131, LOGPROB ACC: 0.9773095623987034
ref_path: results/checkpoint-30, RATIO: 0.8, PROB_BASE AUC: 0.9873031889176178, LOGPROB_BASE AUC: 0.9999264257635955, PROB_BASE ACC: 0.9416531604538088, LOGPROB_BASE ACC: 0.9967585089141004
ref_path: results/checkpoint-30, RATIO: 0.8, PROB_REF AUC: 0.9517773433394294, LOGPROB_REF AUC: 0.9945975489268672, PROB_REF ACC: 0.9157212317666127, LOGPROB_REF ACC: 0.9740680713128039

ref_path: results/checkpoint-30, RATIO: 0.9, PROB AUC: 0.9556767778688697, LOGPROB AUC: 0.9949443988984885, PROB ACC: 0.9189627228525121, LOGPROB ACC: 0.9740680713128039
ref_path: results/checkpoint-30, RATIO: 0.9, PROB_BASE AUC: 0.9788106199154947, LOGPROB_BASE AUC: 0.999611107607576, PROB_BASE ACC: 0.9384116693679092, LOGPROB_BASE ACC: 0.993517017828201
ref_path: results/checkpoint-30, RATIO: 0.9, PROB_REF AUC: 0.9538584431691577, LOGPROB_REF AUC: 0.9946711231632718, PROB_REF ACC: 0.9124797406807131, LOGPROB_REF ACC: 0.9740680713128039

ref_path: results/checkpoint-30, RATIO: 1.0, PROB AUC: 0.9537428265119505, LOGPROB AUC: 0.9947236761892749, PROB ACC: 0.9124797406807131, LOGPROB ACC: 0.9740680713128039
ref_path: results/checkpoint-30, RATIO: 1.0, PROB_BASE AUC: 0.9537428265119505, LOGPROB_BASE AUC: 0.9947236761892749, PROB_BASE ACC: 0.9124797406807131, LOGPROB_BASE ACC: 0.9740680713128039
ref_path: results/checkpoint-30, RATIO: 1.0, PROB_REF AUC: 0.9537428265119505, LOGPROB_REF AUC: 0.9947236761892749, PROB_REF ACC: 0.9124797406807131, LOGPROB_REF ACC: 0.9740680713128039




ref_path: results/checkpoint-40, PPL AUC: 0.9415820562948014, PROB AUC: 0.9541422295095752, LOGPROB AUC: 0.9950600155556957, PPL ACC: 0.8897893030794165, PROB ACC: 0.9189627228525121, LOGPROB ACC: 0.9708265802269044
ref_path: results/checkpoint-40, RATIO: 0.01, PROB AUC: 0.8312942759244077, LOGPROB AUC: 0.8733787391478002, PROB ACC: 0.7698541329011345, LOGPROB ACC: 0.7925445705024311
ref_path: results/checkpoint-40, RATIO: 0.01, PROB_BASE AUC: 0.7972714468899119, LOGPROB_BASE AUC: 0.8549010952050619, PROB_BASE ACC: 0.7309562398703403, LOGPROB_BASE ACC: 0.7860615883306321
ref_path: results/checkpoint-40, RATIO: 0.01, PROB_REF AUC: 0.7514977612410924, LOGPROB_REF AUC: 0.8425931765151038, PROB_REF ACC: 0.6855753646677472, LOGPROB_REF ACC: 0.7828200972447326

ref_path: results/checkpoint-40, RATIO: 0.02, PROB AUC: 0.8719808286561139, LOGPROB AUC: 0.9388177671270311, PROB ACC: 0.779578606158833, LOGPROB ACC: 0.8768233387358185
ref_path: results/checkpoint-40, RATIO: 0.02, PROB_BASE AUC: 0.8340480544869774, LOGPROB_BASE AUC: 0.9288852452124194, PROB_BASE ACC: 0.779578606158833, LOGPROB_BASE ACC: 0.8606158833063209
ref_path: results/checkpoint-40, RATIO: 0.02, PROB_REF AUC: 0.7553446427445293, LOGPROB_REF AUC: 0.897532109898888, PROB_REF ACC: 0.7179902755267423, LOGPROB_REF ACC: 0.8541329011345219

ref_path: results/checkpoint-40, RATIO: 0.03, PROB AUC: 0.8932332723718232, LOGPROB AUC: 0.962550713670093, PROB ACC: 0.8087520259319287, LOGPROB ACC: 0.9157212317666127
ref_path: results/checkpoint-40, RATIO: 0.03, PROB_BASE AUC: 0.852841016585735, LOGPROB_BASE AUC: 0.9561392444976982, PROB_BASE ACC: 0.7990275526742301, LOGPROB_BASE ACC: 0.899513776337115
ref_path: results/checkpoint-40, RATIO: 0.03, PROB_REF AUC: 0.7954636227954006, LOGPROB_REF AUC: 0.9360955203800635, PROB_REF ACC: 0.7309562398703403, LOGPROB_REF ACC: 0.8865478119935171

ref_path: results/checkpoint-40, RATIO: 0.04, PROB AUC: 0.9115532572365518, LOGPROB AUC: 0.9765823716129576, PROB ACC: 0.8379254457050244, LOGPROB ACC: 0.9254457050243112
ref_path: results/checkpoint-40, RATIO: 0.04, PROB_BASE AUC: 0.8764057934455868, LOGPROB_BASE AUC: 0.9766139034285594, PROB_BASE ACC: 0.8379254457050244, LOGPROB_BASE ACC: 0.9222042139384117
ref_path: results/checkpoint-40, RATIO: 0.04, PROB_REF AUC: 0.7990477391688211, LOGPROB_REF AUC: 0.9525130857034748, PROB_REF ACC: 0.7504051863857374, LOGPROB_REF ACC: 0.9157212317666127

ref_path: results/checkpoint-40, RATIO: 0.05, PROB AUC: 0.9165773265224613, LOGPROB AUC: 0.9861890647663493, PROB ACC: 0.8346839546191248, LOGPROB ACC: 0.9416531604538088
ref_path: results/checkpoint-40, RATIO: 0.05, PROB_BASE AUC: 0.8913939164617098, LOGPROB_BASE AUC: 0.9825944377877278, PROB_BASE ACC: 0.8444084278768234, LOGPROB_BASE ACC: 0.9319286871961102
ref_path: results/checkpoint-40, RATIO: 0.05, PROB_REF AUC: 0.8177671270311745, LOGPROB_REF AUC: 0.9647579407622291, PROB_REF ACC: 0.7698541329011345, LOGPROB_REF ACC: 0.9189627228525121

ref_path: results/checkpoint-40, RATIO: 0.06, PROB AUC: 0.9176704294633286, LOGPROB AUC: 0.99090832650144, PROB ACC: 0.8346839546191248, LOGPROB ACC: 0.9513776337115073
ref_path: results/checkpoint-40, RATIO: 0.06, PROB_BASE AUC: 0.9192785520590275, LOGPROB_BASE AUC: 0.9885329297260937, PROB_BASE ACC: 0.86709886547812, LOGPROB_BASE ACC: 0.9513776337115073
ref_path: results/checkpoint-40, RATIO: 0.06, PROB_REF AUC: 0.8286666246242458, LOGPROB_REF AUC: 0.9689201404216854, PROB_REF ACC: 0.7828200972447326, LOGPROB_REF ACC: 0.9254457050243112

ref_path: results/checkpoint-40, RATIO: 0.07, PROB AUC: 0.9178385991465389, LOGPROB AUC: 0.9932521914611843, PROB ACC: 0.8314424635332253, LOGPROB ACC: 0.9513776337115073
ref_path: results/checkpoint-40, RATIO: 0.07, PROB_BASE AUC: 0.9266990393306845, LOGPROB_BASE AUC: 0.9922536839671229, PROB_BASE ACC: 0.873581847649919, LOGPROB_BASE ACC: 0.9546191247974068
ref_path: results/checkpoint-40, RATIO: 0.07, PROB_REF AUC: 0.8377372769124047, LOGPROB_REF AUC: 0.9746379096508377, PROB_REF ACC: 0.7893030794165316, LOGPROB_REF ACC: 0.9384116693679092

ref_path: results/checkpoint-40, RATIO: 0.08, PROB AUC: 0.9199512307918691, LOGPROB AUC: 0.9951335897921003, PROB ACC: 0.8314424635332253, LOGPROB ACC: 0.9578606158833063
ref_path: results/checkpoint-40, RATIO: 0.08, PROB_BASE AUC: 0.9310924723045553, LOGPROB_BASE AUC: 0.9948392928464822, PROB_BASE ACC: 0.8865478119935171, LOGPROB_BASE ACC: 0.9643435980551054
ref_path: results/checkpoint-40, RATIO: 0.08, PROB_REF AUC: 0.8407117781841879, LOGPROB_REF AUC: 0.9766139034285595, PROB_REF ACC: 0.7957860615883307, LOGPROB_REF ACC: 0.9384116693679092

ref_path: results/checkpoint-40, RATIO: 0.09, PROB AUC: 0.920602888314309, LOGPROB AUC: 0.9962477139433689, PROB ACC: 0.8346839546191248, LOGPROB ACC: 0.9643435980551054
ref_path: results/checkpoint-40, RATIO: 0.09, PROB_BASE AUC: 0.9457757877698598, LOGPROB_BASE AUC: 0.9973092850686343, PROB_BASE ACC: 0.893030794165316, LOGPROB_BASE ACC: 0.9708265802269044
ref_path: results/checkpoint-40, RATIO: 0.09, PROB_REF AUC: 0.8342582665909901, LOGPROB_REF AUC: 0.9775388366862164, PROB_REF ACC: 0.7828200972447326, LOGPROB_REF ACC: 0.9448946515397083

ref_path: results/checkpoint-40, RATIO: 0.1, PROB AUC: 0.9248807046309726, LOGPROB AUC: 0.9968678396502071, PROB ACC: 0.8379254457050244, LOGPROB ACC: 0.9643435980551054
ref_path: results/checkpoint-40, RATIO: 0.1, PROB_BASE AUC: 0.9348657795715877, LOGPROB_BASE AUC: 0.9982342183262912, PROB_BASE ACC: 0.899513776337115, LOGPROB_BASE ACC: 0.9805510534846029
ref_path: results/checkpoint-40, RATIO: 0.1, PROB_REF AUC: 0.8288768367282588, LOGPROB_REF AUC: 0.9790733850455109, PROB_REF ACC: 0.773095623987034, LOGPROB_REF ACC: 0.9513776337115073

ref_path: results/checkpoint-40, RATIO: 0.2, PROB AUC: 0.9437157091505329, LOGPROB AUC: 0.9991486409787476, PROB ACC: 0.8606158833063209, LOGPROB ACC: 0.9837925445705025
ref_path: results/checkpoint-40, RATIO: 0.2, PROB_BASE AUC: 0.9531962750415169, LOGPROB_BASE AUC: 0.9995690651867735, PROB_BASE ACC: 0.9222042139384117, LOGPROB_BASE ACC: 0.9870340356564019
ref_path: results/checkpoint-40, RATIO: 0.2, PROB_REF AUC: 0.822906812974291, LOGPROB_REF AUC: 0.9859473208467344, PROB_REF ACC: 0.7828200972447326, LOGPROB_REF ACC: 0.9675850891410048

ref_path: results/checkpoint-40, RATIO: 0.3, PROB AUC: 0.9622879485400769, LOGPROB AUC: 0.9996005970023755, PROB ACC: 0.893030794165316, LOGPROB ACC: 0.9870340356564019
ref_path: results/checkpoint-40, RATIO: 0.3, PROB_BASE AUC: 0.9821319711588994, LOGPROB_BASE AUC: 0.9999369363687961, PROB_BASE ACC: 0.9643435980551054, LOGPROB_BASE ACC: 0.993517017828201
ref_path: results/checkpoint-40, RATIO: 0.3, PROB_REF AUC: 0.8444535536356184, LOGPROB_REF AUC: 0.9909188371066406, PROB_REF ACC: 0.8152350081037277, LOGPROB_REF ACC: 0.9675850891410048

ref_path: results/checkpoint-40, RATIO: 0.4, PROB AUC: 0.9771814761093944, LOGPROB AUC: 0.9995270227659709, PROB ACC: 0.9189627228525121, LOGPROB ACC: 0.9870340356564019
ref_path: results/checkpoint-40, RATIO: 0.4, PROB_BASE AUC: 0.9933993399339933, LOGPROB_BASE AUC: 1.0, PROB_BASE ACC: 0.9675850891410048, LOGPROB_BASE ACC: 1.0
ref_path: results/checkpoint-40, RATIO: 0.4, PROB_REF AUC: 0.8854449139181434, LOGPROB_REF AUC: 0.9926530869647474, PROB_REF ACC: 0.8282009724473258, LOGPROB_REF ACC: 0.9708265802269044

ref_path: results/checkpoint-40, RATIO: 0.5, PROB AUC: 0.9896050114565597, LOGPROB AUC: 0.9989068970591327, PROB ACC: 0.9481361426256077, LOGPROB ACC: 0.9870340356564019
ref_path: results/checkpoint-40, RATIO: 0.5, PROB_BASE AUC: 0.9981606440898867, LOGPROB_BASE AUC: 1.0, PROB_BASE ACC: 0.9837925445705025, LOGPROB_BASE ACC: 1.0
ref_path: results/checkpoint-40, RATIO: 0.5, PROB_REF AUC: 0.924271089529335, LOGPROB_REF AUC: 0.9937777217212167, PROB_REF ACC: 0.880064829821718, LOGPROB_REF ACC: 0.9708265802269044

ref_path: results/checkpoint-40, RATIO: 0.6, PROB AUC: 0.9886590569885014, LOGPROB AUC: 0.9982237077210906, PROB ACC: 0.9611021069692058, LOGPROB ACC: 0.9773095623987034
ref_path: results/checkpoint-40, RATIO: 0.6, PROB_BASE AUC: 0.9975194971726472, LOGPROB_BASE AUC: 1.0, PROB_BASE ACC: 0.9870340356564019, LOGPROB_BASE ACC: 1.0
ref_path: results/checkpoint-40, RATIO: 0.6, PROB_REF AUC: 0.9443043030417692, LOGPROB_REF AUC: 0.994334783796851, PROB_REF ACC: 0.9027552674230146, LOGPROB_REF ACC: 0.9708265802269044

ref_path: results/checkpoint-40, RATIO: 0.7, PROB AUC: 0.9800088289083686, LOGPROB AUC: 0.9972357108322297, PROB ACC: 0.9481361426256077, LOGPROB ACC: 0.9740680713128039
ref_path: results/checkpoint-40, RATIO: 0.7, PROB_BASE AUC: 0.9960164806289546, LOGPROB_BASE AUC: 1.0, PROB_BASE ACC: 0.9773095623987034, LOGPROB_BASE ACC: 1.0
ref_path: results/checkpoint-40, RATIO: 0.7, PROB_REF AUC: 0.9472998255239535, LOGPROB_REF AUC: 0.99415610350844, PROB_REF ACC: 0.9157212317666127, LOGPROB_REF ACC: 0.9643435980551054

ref_path: results/checkpoint-40, RATIO: 0.8, PROB AUC: 0.9649050892350381, LOGPROB AUC: 0.9957957579197411, PROB ACC: 0.9351701782820098, LOGPROB ACC: 0.9740680713128039
ref_path: results/checkpoint-40, RATIO: 0.8, PROB_BASE AUC: 0.9920644930735112, LOGPROB_BASE AUC: 0.9998948939479935, PROB_BASE ACC: 0.9675850891410048, LOGPROB_BASE ACC: 0.9967585089141004
ref_path: results/checkpoint-40, RATIO: 0.8, PROB_REF AUC: 0.948571608753232, LOGPROB_REF AUC: 0.9944398898488576, PROB_REF ACC: 0.9092382495948136, LOGPROB_REF ACC: 0.9643435980551054

ref_path: results/checkpoint-40, RATIO: 0.9, PROB AUC: 0.9552983960816464, LOGPROB AUC: 0.9950915473712977, PROB ACC: 0.9222042139384117, LOGPROB ACC: 0.9708265802269044
ref_path: results/checkpoint-40, RATIO: 0.9, PROB_BASE AUC: 0.9802295516175821, LOGPROB_BASE AUC: 0.9996111076075761, PROB_BASE ACC: 0.9416531604538088, LOGPROB_BASE ACC: 0.9870340356564019
ref_path: results/checkpoint-40, RATIO: 0.9, PROB_REF AUC: 0.9529335099115007, LOGPROB_REF AUC: 0.9949759307140905, PROB_REF ACC: 0.9222042139384117, LOGPROB_REF ACC: 0.9675850891410048

ref_path: results/checkpoint-40, RATIO: 1.0, PROB AUC: 0.9541212082991739, LOGPROB AUC: 0.9950389943452944, PROB ACC: 0.9189627228525121, LOGPROB ACC: 0.9708265802269044
ref_path: results/checkpoint-40, RATIO: 1.0, PROB_BASE AUC: 0.9541212082991739, LOGPROB_BASE AUC: 0.9950389943452944, PROB_BASE ACC: 0.9189627228525121, LOGPROB_BASE ACC: 0.9708265802269044
ref_path: results/checkpoint-40, RATIO: 1.0, PROB_REF AUC: 0.9541212082991739, LOGPROB_REF AUC: 0.9950389943452944, PROB_REF ACC: 0.9189627228525121, LOGPROB_REF ACC: 0.9708265802269044




ref_path: results/checkpoint-50, PPL AUC: 0.9408568245359569, PROB AUC: 0.9506527085829604, LOGPROB AUC: 0.9949969519244918, PPL ACC: 0.8865478119935171, PROB ACC: 0.9092382495948136, LOGPROB ACC: 0.9611021069692058
ref_path: results/checkpoint-50, RATIO: 0.01, PROB AUC: 0.8245674885959934, LOGPROB AUC: 0.8619642218998971, PROB ACC: 0.7568881685575365, LOGPROB ACC: 0.7860615883306321
ref_path: results/checkpoint-50, RATIO: 0.01, PROB_BASE AUC: 0.7889050051501965, LOGPROB_BASE AUC: 0.8456622732336928, PROB_BASE ACC: 0.7341977309562399, LOGPROB_BASE ACC: 0.7828200972447326
ref_path: results/checkpoint-50, RATIO: 0.01, PROB_REF AUC: 0.7301822538941792, LOGPROB_REF AUC: 0.835162178638246, PROB_REF ACC: 0.6758508914100486, LOGPROB_REF ACC: 0.773095623987034

ref_path: results/checkpoint-50, RATIO: 0.02, PROB AUC: 0.8761325177103697, LOGPROB AUC: 0.9371360702949276, PROB ACC: 0.7893030794165316, LOGPROB ACC: 0.8833063209076175
ref_path: results/checkpoint-50, RATIO: 0.02, PROB_BASE AUC: 0.818818187551239, LOGPROB_BASE AUC: 0.9237665804797042, PROB_BASE ACC: 0.7633711507293355, LOGPROB_BASE ACC: 0.8508914100486223
ref_path: results/checkpoint-50, RATIO: 0.02, PROB_REF AUC: 0.7799184377036429, LOGPROB_REF AUC: 0.9216854806499758, PROB_REF ACC: 0.7277147487844409, LOGPROB_REF ACC: 0.8638573743922204

ref_path: results/checkpoint-50, RATIO: 0.03, PROB AUC: 0.8938744192890627, LOGPROB AUC: 0.9685207374240609, PROB ACC: 0.8087520259319287, LOGPROB ACC: 0.9124797406807131
ref_path: results/checkpoint-50, RATIO: 0.03, PROB_BASE AUC: 0.8355300498202687, LOGPROB_BASE AUC: 0.9585987261146496, PROB_BASE ACC: 0.7893030794165316, LOGPROB_BASE ACC: 0.9027552674230146
ref_path: results/checkpoint-50, RATIO: 0.03, PROB_REF AUC: 0.7907758928759119, LOGPROB_REF AUC: 0.9407832502995522, PROB_REF ACC: 0.7244732576985413, LOGPROB_REF ACC: 0.8833063209076175

ref_path: results/checkpoint-50, RATIO: 0.04, PROB AUC: 0.907191356078283, LOGPROB AUC: 0.9793466607807277, PROB ACC: 0.8444084278768234, LOGPROB ACC: 0.9319286871961102
ref_path: results/checkpoint-50, RATIO: 0.04, PROB_BASE AUC: 0.8644131929116479, LOGPROB_BASE AUC: 0.9760568413529251, PROB_BASE ACC: 0.8152350081037277, LOGPROB_BASE ACC: 0.9319286871961102
ref_path: results/checkpoint-50, RATIO: 0.04, PROB_REF AUC: 0.8209938828277732, LOGPROB_REF AUC: 0.9565176262849215, PROB_REF ACC: 0.7698541329011345, LOGPROB_REF ACC: 0.9027552674230146

ref_path: results/checkpoint-50, RATIO: 0.05, PROB AUC: 0.9153055432931828, LOGPROB AUC: 0.9865148935275694, PROB ACC: 0.8444084278768234, LOGPROB ACC: 0.9448946515397083
ref_path: results/checkpoint-50, RATIO: 0.05, PROB_BASE AUC: 0.8899014105232179, LOGPROB_BASE AUC: 0.9828782241281453, PROB_BASE ACC: 0.8444084278768234, LOGPROB_BASE ACC: 0.9416531604538088
ref_path: results/checkpoint-50, RATIO: 0.05, PROB_REF AUC: 0.8292657291206829, LOGPROB_REF AUC: 0.9678690799016207, PROB_REF ACC: 0.779578606158833, LOGPROB_REF ACC: 0.9254457050243112

ref_path: results/checkpoint-50, RATIO: 0.06, PROB AUC: 0.9193416156902314, LOGPROB AUC: 0.9905614765298186, PROB ACC: 0.8249594813614263, LOGPROB ACC: 0.9513776337115073
ref_path: results/checkpoint-50, RATIO: 0.06, PROB_BASE AUC: 0.8898278362868134, LOGPROB_BASE AUC: 0.988249143385676, PROB_BASE ACC: 0.8314424635332253, LOGPROB_BASE ACC: 0.9481361426256077
ref_path: results/checkpoint-50, RATIO: 0.06, PROB_REF AUC: 0.8349204347186311, LOGPROB_REF AUC: 0.9730402976603394, PROB_REF ACC: 0.8022690437601296, LOGPROB_REF ACC: 0.9286871961102107

ref_path: results/checkpoint-50, RATIO: 0.07, PROB AUC: 0.9161779235248366, LOGPROB AUC: 0.9925690021231423, PROB ACC: 0.8249594813614263, LOGPROB ACC: 0.9546191247974068
ref_path: results/checkpoint-50, RATIO: 0.07, PROB_BASE AUC: 0.904773916882134, LOGPROB_BASE AUC: 0.9905614765298185, PROB_BASE ACC: 0.8476499189627229, LOGPROB_BASE ACC: 0.9481361426256077
ref_path: results/checkpoint-50, RATIO: 0.07, PROB_REF AUC: 0.8338588635933657, LOGPROB_REF AUC: 0.9787685774946921, PROB_REF ACC: 0.7893030794165316, LOGPROB_REF ACC: 0.9384116693679092

ref_path: results/checkpoint-50, RATIO: 0.08, PROB AUC: 0.9151689054255744, LOGPROB AUC: 0.99383027474722, PROB ACC: 0.8249594813614263, LOGPROB ACC: 0.9578606158833063
ref_path: results/checkpoint-50, RATIO: 0.08, PROB_BASE AUC: 0.9208446322339241, LOGPROB_BASE AUC: 0.9926530869647475, PROB_BASE ACC: 0.8768233387358185, LOGPROB_BASE ACC: 0.9578606158833063
ref_path: results/checkpoint-50, RATIO: 0.08, PROB_REF AUC: 0.8297807487755144, LOGPROB_REF AUC: 0.980828656114019, PROB_REF ACC: 0.7828200972447326, LOGPROB_REF ACC: 0.9351701782820098

ref_path: results/checkpoint-50, RATIO: 0.09, PROB AUC: 0.916734985600471, LOGPROB AUC: 0.9951756322129028, PROB ACC: 0.8249594813614263, LOGPROB ACC: 0.9611021069692058
ref_path: results/checkpoint-50, RATIO: 0.09, PROB_BASE AUC: 0.9288432027916167, LOGPROB_BASE AUC: 0.9951230791868996, PROB_BASE ACC: 0.893030794165316, LOGPROB_BASE ACC: 0.9675850891410048
ref_path: results/checkpoint-50, RATIO: 0.09, PROB_REF AUC: 0.8264068445061066, LOGPROB_REF AUC: 0.9804607849319964, PROB_REF ACC: 0.7828200972447326, LOGPROB_REF ACC: 0.9416531604538088

ref_path: results/checkpoint-50, RATIO: 0.1, PROB AUC: 0.9205608458935066, LOGPROB AUC: 0.99594290639255, PROB ACC: 0.8217179902755267, LOGPROB ACC: 0.9643435980551054
ref_path: results/checkpoint-50, RATIO: 0.1, PROB_BASE AUC: 0.9170818355720923, LOGPROB_BASE AUC: 0.9969519244918121, PROB_BASE ACC: 0.8865478119935171, LOGPROB_BASE ACC: 0.9708265802269044
ref_path: results/checkpoint-50, RATIO: 0.1, PROB_REF AUC: 0.8262912278488995, LOGPROB_REF AUC: 0.982825671102142, PROB_REF ACC: 0.7893030794165316, LOGPROB_REF ACC: 0.9481361426256077

ref_path: results/checkpoint-50, RATIO: 0.2, PROB AUC: 0.948361396649219, LOGPROB AUC: 0.9991276197683463, PROB ACC: 0.8638573743922204, LOGPROB ACC: 0.9837925445705025
ref_path: results/checkpoint-50, RATIO: 0.2, PROB_BASE AUC: 0.9412562275335815, LOGPROB_BASE AUC: 0.9993693636879611, PROB_BASE ACC: 0.9059967585089141, LOGPROB_BASE ACC: 0.9870340356564019
ref_path: results/checkpoint-50, RATIO: 0.2, PROB_REF AUC: 0.8181034663975951, LOGPROB_REF AUC: 0.988459355489689, PROB_REF ACC: 0.773095623987034, LOGPROB_REF ACC: 0.9675850891410048

ref_path: results/checkpoint-50, RATIO: 0.3, PROB AUC: 0.9693931176557147, LOGPROB AUC: 0.999463959134767, PROB ACC: 0.9092382495948136, LOGPROB ACC: 0.9870340356564019
ref_path: results/checkpoint-50, RATIO: 0.3, PROB_BASE AUC: 0.9802085304071808, LOGPROB_BASE AUC: 0.9998108091063884, PROB_BASE ACC: 0.9578606158833063, LOGPROB_BASE ACC: 0.993517017828201
ref_path: results/checkpoint-50, RATIO: 0.3, PROB_REF AUC: 0.8576864055832335, LOGPROB_REF AUC: 0.9923798112295306, PROB_REF ACC: 0.8184764991896273, LOGPROB_REF ACC: 0.9708265802269044

ref_path: results/checkpoint-50, RATIO: 0.4, PROB AUC: 0.9814698030312585, LOGPROB AUC: 0.9991276197683463, PROB ACC: 0.9351701782820098, LOGPROB ACC: 0.9837925445705025
ref_path: results/checkpoint-50, RATIO: 0.4, PROB_BASE AUC: 0.9861890647663493, LOGPROB_BASE AUC: 0.9999054045531942, PROB_BASE ACC: 0.9481361426256077, LOGPROB_BASE ACC: 0.993517017828201
ref_path: results/checkpoint-50, RATIO: 0.4, PROB_REF AUC: 0.891414937672111, LOGPROB_REF AUC: 0.994187635324042, PROB_REF ACC: 0.8282009724473258, LOGPROB_REF ACC: 0.9773095623987034

ref_path: results/checkpoint-50, RATIO: 0.5, PROB AUC: 0.9889008009081163, LOGPROB AUC: 0.9986441319291165, PROB ACC: 0.9546191247974068, LOGPROB ACC: 0.9837925445705025
ref_path: results/checkpoint-50, RATIO: 0.5, PROB_BASE AUC: 0.9956906518677345, LOGPROB_BASE AUC: 0.9999579575791974, PROB_BASE ACC: 0.9708265802269044, LOGPROB_BASE ACC: 0.9967585089141004
ref_path: results/checkpoint-50, RATIO: 0.5, PROB_REF AUC: 0.9273822286687267, LOGPROB_REF AUC: 0.9944924428748608, PROB_REF ACC: 0.8865478119935171, LOGPROB_REF ACC: 0.9708265802269044

ref_path: results/checkpoint-50, RATIO: 0.6, PROB AUC: 0.9899939038489836, LOGPROB AUC: 0.9982237077210905, PROB ACC: 0.9708265802269044, LOGPROB ACC: 0.9773095623987034
ref_path: results/checkpoint-50, RATIO: 0.6, PROB_BASE AUC: 0.9970675411490193, LOGPROB_BASE AUC: 0.9999579575791974, PROB_BASE ACC: 0.9805510534846029, LOGPROB_BASE ACC: 0.9967585089141004
ref_path: results/checkpoint-50, RATIO: 0.6, PROB_REF AUC: 0.9472367618927499, LOGPROB_REF AUC: 0.9948077610308801, PROB_REF ACC: 0.9157212317666127, LOGPROB_REF ACC: 0.9643435980551054

ref_path: results/checkpoint-50, RATIO: 0.7, PROB AUC: 0.9826785226293331, LOGPROB AUC: 0.9974249017258413, PROB ACC: 0.9448946515397083, LOGPROB ACC: 0.9773095623987034
ref_path: results/checkpoint-50, RATIO: 0.7, PROB_BASE AUC: 0.9962687351537701, LOGPROB_BASE AUC: 0.9999159151583948, PROB_BASE ACC: 0.9805510534846029, LOGPROB_BASE ACC: 0.993517017828201
ref_path: results/checkpoint-50, RATIO: 0.7, PROB_REF AUC: 0.9460175316894747, LOGPROB_REF AUC: 0.9944083580332556, PROB_REF ACC: 0.9124797406807131, LOGPROB_REF ACC: 0.9643435980551054

ref_path: results/checkpoint-50, RATIO: 0.8, PROB AUC: 0.9645687498686174, LOGPROB AUC: 0.9961320972861618, PROB ACC: 0.9222042139384117, LOGPROB ACC: 0.9675850891410048
ref_path: results/checkpoint-50, RATIO: 0.8, PROB_BASE AUC: 0.9935044459859999, LOGPROB_BASE AUC: 0.9998318303167896, PROB_BASE ACC: 0.9643435980551054, LOGPROB_BASE ACC: 0.993517017828201
ref_path: results/checkpoint-50, RATIO: 0.8, PROB_REF AUC: 0.9441151121481576, LOGPROB_REF AUC: 0.9944924428748607, PROB_REF ACC: 0.9059967585089141, LOGPROB_REF ACC: 0.9611021069692058

ref_path: results/checkpoint-50, RATIO: 0.9, PROB AUC: 0.9524290008618695, LOGPROB AUC: 0.9951230791868996, PROB ACC: 0.9124797406807131, LOGPROB ACC: 0.9643435980551054
ref_path: results/checkpoint-50, RATIO: 0.9, PROB_BASE AUC: 0.9803661894851905, LOGPROB_BASE AUC: 0.9992117046099515, PROB_BASE ACC: 0.9319286871961102, LOGPROB_BASE ACC: 0.9870340356564019
ref_path: results/checkpoint-50, RATIO: 0.9, PROB_REF AUC: 0.9496962435097013, LOGPROB_REF AUC: 0.9948918458724854, PROB_REF ACC: 0.9092382495948136, LOGPROB_REF ACC: 0.9611021069692058

ref_path: results/checkpoint-50, RATIO: 1.0, PROB AUC: 0.9506527085829604, LOGPROB AUC: 0.9949864413192911, PROB ACC: 0.9092382495948136, LOGPROB ACC: 0.9611021069692058
ref_path: results/checkpoint-50, RATIO: 1.0, PROB_BASE AUC: 0.9506527085829604, LOGPROB_BASE AUC: 0.9949864413192911, PROB_BASE ACC: 0.9092382495948136, LOGPROB_BASE ACC: 0.9611021069692058
ref_path: results/checkpoint-50, RATIO: 1.0, PROB_REF AUC: 0.9506527085829604, LOGPROB_REF AUC: 0.9949864413192911, PROB_REF ACC: 0.9092382495948136, LOGPROB_REF ACC: 0.9611021069692058




ref_path: results/checkpoint-60, PPL AUC: 0.9427487334720733, PROB AUC: 0.9519875554434425, LOGPROB AUC: 0.9949549095036893, PPL ACC: 0.8865478119935171, PROB ACC: 0.9059967585089141, LOGPROB ACC: 0.9708265802269044
ref_path: results/checkpoint-60, RATIO: 0.01, PROB AUC: 0.8098946837358896, LOGPROB AUC: 0.8517584242500684, PROB ACC: 0.7406807131280388, LOGPROB ACC: 0.7828200972447326
ref_path: results/checkpoint-60, RATIO: 0.01, PROB_BASE AUC: 0.7751045805217465, LOGPROB_BASE AUC: 0.8310630426099935, PROB_BASE ACC: 0.7212317666126418, LOGPROB_BASE ACC: 0.7828200972447326
ref_path: results/checkpoint-60, RATIO: 0.01, PROB_REF AUC: 0.7252317588446744, LOGPROB_REF AUC: 0.8277311807613883, PROB_REF ACC: 0.6693679092382496, LOGPROB_REF ACC: 0.7828200972447326

ref_path: results/checkpoint-60, RATIO: 0.02, PROB AUC: 0.8709507893464505, LOGPROB AUC: 0.9287696285552123, PROB ACC: 0.7925445705024311, LOGPROB ACC: 0.8703403565640194
ref_path: results/checkpoint-60, RATIO: 0.02, PROB_BASE AUC: 0.8089487292678312, LOGPROB_BASE AUC: 0.91315086922705, PROB_BASE ACC: 0.7633711507293355, LOGPROB_BASE ACC: 0.8444084278768234
ref_path: results/checkpoint-60, RATIO: 0.02, PROB_REF AUC: 0.7709108490466882, LOGPROB_REF AUC: 0.9135607828298753, PROB_REF ACC: 0.7212317666126418, LOGPROB_REF ACC: 0.8541329011345219

ref_path: results/checkpoint-60, RATIO: 0.03, PROB AUC: 0.8897857938660109, LOGPROB AUC: 0.9560866914716949, PROB ACC: 0.7925445705024311, LOGPROB ACC: 0.899513776337115
ref_path: results/checkpoint-60, RATIO: 0.03, PROB_BASE AUC: 0.8313888713712136, LOGPROB_BASE AUC: 0.9427697546824747, PROB_BASE ACC: 0.779578606158833, LOGPROB_BASE ACC: 0.880064829821718
ref_path: results/checkpoint-60, RATIO: 0.03, PROB_REF AUC: 0.7910176367955267, LOGPROB_REF AUC: 0.931460343486578, PROB_REF ACC: 0.7244732576985413, LOGPROB_REF ACC: 0.8768233387358185

ref_path: results/checkpoint-60, RATIO: 0.04, PROB AUC: 0.9082844590191503, LOGPROB AUC: 0.9697294570221353, PROB ACC: 0.8379254457050244, LOGPROB ACC: 0.9189627228525121
ref_path: results/checkpoint-60, RATIO: 0.04, PROB_BASE AUC: 0.8521157848268903, LOGPROB_BASE AUC: 0.9641378150553909, PROB_BASE ACC: 0.8022690437601296, LOGPROB_BASE ACC: 0.9092382495948136
ref_path: results/checkpoint-60, RATIO: 0.04, PROB_REF AUC: 0.8186289966576276, LOGPROB_REF AUC: 0.9463854028714973, PROB_REF ACC: 0.7439222042139384, LOGPROB_REF ACC: 0.8865478119935171

ref_path: results/checkpoint-60, RATIO: 0.05, PROB AUC: 0.9191208929810177, LOGPROB AUC: 0.9791679804923168, PROB ACC: 0.8411669367909238, LOGPROB ACC: 0.9351701782820098
ref_path: results/checkpoint-60, RATIO: 0.05, PROB_BASE AUC: 0.8774778751760526, LOGPROB_BASE AUC: 0.9737970612347858, PROB_BASE ACC: 0.8314424635332253, LOGPROB_BASE ACC: 0.9286871961102107
ref_path: results/checkpoint-60, RATIO: 0.05, PROB_REF AUC: 0.8296546215131068, LOGPROB_REF AUC: 0.9611422925732063, PROB_REF ACC: 0.7763371150729336, LOGPROB_REF ACC: 0.9157212317666127

ref_path: results/checkpoint-60, RATIO: 0.06, PROB AUC: 0.92597380757184, LOGPROB AUC: 0.9853482163502975, PROB ACC: 0.8379254457050244, LOGPROB ACC: 0.9416531604538088
ref_path: results/checkpoint-60, RATIO: 0.06, PROB_BASE AUC: 0.8805469718946417, LOGPROB_BASE AUC: 0.9807866136932164, PROB_BASE ACC: 0.8314424635332253, LOGPROB_BASE ACC: 0.9351701782820098
ref_path: results/checkpoint-60, RATIO: 0.06, PROB_REF AUC: 0.8351306468226442, LOGPROB_REF AUC: 0.9711694099346241, PROB_REF ACC: 0.7925445705024311, LOGPROB_REF ACC: 0.9222042139384117

ref_path: results/checkpoint-60, RATIO: 0.07, PROB AUC: 0.9271509953543124, LOGPROB AUC: 0.9891320342225305, PROB ACC: 0.8444084278768234, LOGPROB ACC: 0.9448946515397083
ref_path: results/checkpoint-60, RATIO: 0.07, PROB_BASE AUC: 0.9036913245464675, LOGPROB_BASE AUC: 0.984139496752223, PROB_BASE ACC: 0.8379254457050244, LOGPROB_BASE ACC: 0.9416531604538088
ref_path: results/checkpoint-60, RATIO: 0.07, PROB_REF AUC: 0.8357402619242815, LOGPROB_REF AUC: 0.9768451367429737, PROB_REF ACC: 0.7828200972447326, LOGPROB_REF ACC: 0.9351701782820098

ref_path: results/checkpoint-60, RATIO: 0.08, PROB AUC: 0.928927287633222, LOGPROB AUC: 0.9914023249458703, PROB ACC: 0.8379254457050244, LOGPROB ACC: 0.9578606158833063
ref_path: results/checkpoint-60, RATIO: 0.08, PROB_BASE AUC: 0.912761976834626, LOGPROB_BASE AUC: 0.9880494418868638, PROB_BASE ACC: 0.8606158833063209, LOGPROB_BASE ACC: 0.9481361426256077
ref_path: results/checkpoint-60, RATIO: 0.08, PROB_REF AUC: 0.8284984549410357, LOGPROB_REF AUC: 0.9770868806625885, PROB_REF ACC: 0.7763371150729336, LOGPROB_REF ACC: 0.9481361426256077

ref_path: results/checkpoint-60, RATIO: 0.09, PROB AUC: 0.9289483088436232, LOGPROB AUC: 0.9933152550923882, PROB ACC: 0.8476499189627229, LOGPROB ACC: 0.9578606158833063
ref_path: results/checkpoint-60, RATIO: 0.09, PROB_BASE AUC: 0.9177124718841312, LOGPROB_BASE AUC: 0.9924113430451326, PROB_BASE ACC: 0.86709886547812, LOGPROB_BASE ACC: 0.9546191247974068
ref_path: results/checkpoint-60, RATIO: 0.09, PROB_REF AUC: 0.8377057450968027, LOGPROB_REF AUC: 0.9760778625633264, PROB_REF ACC: 0.7860615883306321, LOGPROB_REF ACC: 0.9448946515397083

ref_path: results/checkpoint-60, RATIO: 0.1, PROB AUC: 0.9333312312122932, LOGPROB AUC: 0.994723676189275, PROB ACC: 0.8508914100486223, LOGPROB ACC: 0.9643435980551054
ref_path: results/checkpoint-60, RATIO: 0.1, PROB_BASE AUC: 0.9257530848626264, LOGPROB_BASE AUC: 0.9958378003405436, PROB_BASE ACC: 0.8768233387358185, LOGPROB_BASE ACC: 0.9611021069692058
ref_path: results/checkpoint-60, RATIO: 0.1, PROB_REF AUC: 0.8422988795694856, LOGPROB_REF AUC: 0.9782325366294592, PROB_REF ACC: 0.7893030794165316, LOGPROB_REF ACC: 0.9448946515397083

ref_path: results/checkpoint-60, RATIO: 0.2, PROB AUC: 0.9599125517647307, LOGPROB AUC: 0.9990960879527443, PROB ACC: 0.8865478119935171, LOGPROB ACC: 0.9805510534846029
ref_path: results/checkpoint-60, RATIO: 0.2, PROB_BASE AUC: 0.9374724096613484, LOGPROB_BASE AUC: 0.9990120031111391, PROB_BASE ACC: 0.9027552674230146, LOGPROB_BASE ACC: 0.9837925445705025
ref_path: results/checkpoint-60, RATIO: 0.2, PROB_REF AUC: 0.8370540875743626, LOGPROB_REF AUC: 0.9862941708183557, PROB_REF ACC: 0.7925445705024311, LOGPROB_REF ACC: 0.9611021069692058

ref_path: results/checkpoint-60, RATIO: 0.3, PROB AUC: 0.976834626137773, LOGPROB AUC: 0.9995270227659708, PROB ACC: 0.9222042139384117, LOGPROB ACC: 0.9870340356564019
ref_path: results/checkpoint-60, RATIO: 0.3, PROB_BASE AUC: 0.9686889071072713, LOGPROB_BASE AUC: 0.9998423409219903, PROB_BASE ACC: 0.9286871961102107, LOGPROB_BASE ACC: 0.9967585089141004
ref_path: results/checkpoint-60, RATIO: 0.3, PROB_REF AUC: 0.8531248029261524, LOGPROB_REF AUC: 0.9917912173382943, PROB_REF ACC: 0.7957860615883307, LOGPROB_REF ACC: 0.9643435980551054

ref_path: results/checkpoint-60, RATIO: 0.4, PROB AUC: 0.9849698345630741, LOGPROB AUC: 0.9992327258203528, PROB ACC: 0.9384116693679092, LOGPROB ACC: 0.9870340356564019
ref_path: results/checkpoint-60, RATIO: 0.4, PROB_BASE AUC: 0.9754472262512875, LOGPROB_BASE AUC: 0.9999684681843981, PROB_BASE ACC: 0.9384116693679092, LOGPROB_BASE ACC: 0.9967585089141004
ref_path: results/checkpoint-60, RATIO: 0.4, PROB_REF AUC: 0.8986567446553573, LOGPROB_REF AUC: 0.9944398898488575, PROB_REF ACC: 0.8346839546191248, LOGPROB_REF ACC: 0.9675850891410048

ref_path: results/checkpoint-60, RATIO: 0.5, PROB AUC: 0.9916125370498834, LOGPROB AUC: 0.9988123016123268, PROB ACC: 0.9546191247974068, LOGPROB ACC: 0.9837925445705025
ref_path: results/checkpoint-60, RATIO: 0.5, PROB_BASE AUC: 0.9909293477118413, LOGPROB_BASE AUC: 0.9999369363687961, PROB_BASE ACC: 0.9611021069692058, LOGPROB_BASE ACC: 0.9967585089141004
ref_path: results/checkpoint-60, RATIO: 0.5, PROB_REF AUC: 0.9289167770280213, LOGPROB_REF AUC: 0.9943452944020517, PROB_REF ACC: 0.880064829821718, LOGPROB_REF ACC: 0.9643435980551054

ref_path: results/checkpoint-60, RATIO: 0.6, PROB AUC: 0.990277690189401, LOGPROB AUC: 0.9984023880095015, PROB ACC: 0.9643435980551054, LOGPROB ACC: 0.9773095623987034
ref_path: results/checkpoint-60, RATIO: 0.6, PROB_BASE AUC: 0.9942401883500451, LOGPROB_BASE AUC: 0.9999684681843981, PROB_BASE ACC: 0.9708265802269044, LOGPROB_BASE ACC: 0.9967585089141004
ref_path: results/checkpoint-60, RATIO: 0.6, PROB_REF AUC: 0.9501587101385298, LOGPROB_REF AUC: 0.9948918458724854, PROB_REF ACC: 0.9124797406807131, LOGPROB_REF ACC: 0.9643435980551054

ref_path: results/checkpoint-60, RATIO: 0.7, PROB AUC: 0.9831409892581615, LOGPROB AUC: 0.9971621365958252, PROB ACC: 0.9513776337115073, LOGPROB ACC: 0.9740680713128039
ref_path: results/checkpoint-60, RATIO: 0.7, PROB_BASE AUC: 0.9946080595320679, LOGPROB_BASE AUC: 0.9999684681843981, PROB_BASE ACC: 0.9773095623987034, LOGPROB_BASE ACC: 0.9967585089141004
ref_path: results/checkpoint-60, RATIO: 0.7, PROB_REF AUC: 0.9456601711126527, LOGPROB_REF AUC: 0.9943137625864497, PROB_REF ACC: 0.9027552674230146, LOGPROB_REF ACC: 0.9643435980551054

ref_path: results/checkpoint-60, RATIO: 0.8, PROB AUC: 0.967322528431187, LOGPROB AUC: 0.995974438208152, PROB ACC: 0.9319286871961102, LOGPROB ACC: 0.9708265802269044
ref_path: results/checkpoint-60, RATIO: 0.8, PROB_BASE AUC: 0.992989426331168, LOGPROB_BASE AUC: 0.9998528515271909, PROB_BASE ACC: 0.9740680713128039, LOGPROB_BASE ACC: 0.993517017828201
ref_path: results/checkpoint-60, RATIO: 0.8, PROB_REF AUC: 0.9462487650038889, LOGPROB_REF AUC: 0.9945029534800613, PROB_REF ACC: 0.9092382495948136, LOGPROB_REF ACC: 0.9643435980551054

ref_path: results/checkpoint-60, RATIO: 0.9, PROB AUC: 0.9535221038027369, LOGPROB AUC: 0.9950915473712977, PROB ACC: 0.9092382495948136, LOGPROB ACC: 0.9708265802269044
ref_path: results/checkpoint-60, RATIO: 0.9, PROB_BASE AUC: 0.9817430787664754, LOGPROB_BASE AUC: 0.9991801727943495, PROB_BASE ACC: 0.9351701782820098, LOGPROB_BASE ACC: 0.9870340356564019
ref_path: results/checkpoint-60, RATIO: 0.9, PROB_REF AUC: 0.9509785373441803, LOGPROB_REF AUC: 0.9948498034516827, PROB_REF ACC: 0.9092382495948136, LOGPROB_REF ACC: 0.9675850891410048

ref_path: results/checkpoint-60, RATIO: 1.0, PROB AUC: 0.9519770448382419, LOGPROB AUC: 0.9949654201088899, PROB ACC: 0.9059967585089141, LOGPROB ACC: 0.9708265802269044
ref_path: results/checkpoint-60, RATIO: 1.0, PROB_BASE AUC: 0.9519665342330412, LOGPROB_BASE AUC: 0.9949654201088899, PROB_BASE ACC: 0.9059967585089141, LOGPROB_BASE ACC: 0.9708265802269044
ref_path: results/checkpoint-60, RATIO: 1.0, PROB_REF AUC: 0.9519770448382419, LOGPROB_REF AUC: 0.9949654201088899, PROB_REF ACC: 0.9059967585089141, LOGPROB_REF ACC: 0.9708265802269044




ref_path: results/checkpoint-70, PPL AUC: 0.9235248365600892, PROB AUC: 0.9560972020768956, LOGPROB AUC: 0.992905341489563, PPL ACC: 0.8606158833063209, PROB ACC: 0.9124797406807131, LOGPROB ACC: 0.9578606158833063
ref_path: results/checkpoint-70, RATIO: 0.01, PROB AUC: 0.7932248638876627, LOGPROB AUC: 0.8541548422358161, PROB ACC: 0.7244732576985413, LOGPROB ACC: 0.7633711507293355
ref_path: results/checkpoint-70, RATIO: 0.01, PROB_BASE AUC: 0.7783733787391478, LOGPROB_BASE AUC: 0.833701204515356, PROB_BASE ACC: 0.7309562398703403, LOGPROB_BASE ACC: 0.7568881685575365
ref_path: results/checkpoint-70, RATIO: 0.01, PROB_REF AUC: 0.706459817956318, LOGPROB_REF AUC: 0.8220239221374367, PROB_REF ACC: 0.6628849270664505, LOGPROB_REF ACC: 0.7698541329011345

ref_path: results/checkpoint-70, RATIO: 0.02, PROB AUC: 0.8451577641840616, LOGPROB AUC: 0.9218641609383869, PROB ACC: 0.7633711507293355, LOGPROB ACC: 0.8573743922204214
ref_path: results/checkpoint-70, RATIO: 0.02, PROB_BASE AUC: 0.8020432616510059, LOGPROB_BASE AUC: 0.9061823379790209, PROB_BASE ACC: 0.7504051863857374, LOGPROB_BASE ACC: 0.8314424635332253
ref_path: results/checkpoint-70, RATIO: 0.02, PROB_REF AUC: 0.7655399297891572, LOGPROB_REF AUC: 0.9032709003384416, PROB_REF ACC: 0.7212317666126418, LOGPROB_REF ACC: 0.8476499189627229

ref_path: results/checkpoint-70, RATIO: 0.03, PROB AUC: 0.8684387547034959, LOGPROB AUC: 0.9531121901999117, PROB ACC: 0.7925445705024311, LOGPROB ACC: 0.8865478119935171
ref_path: results/checkpoint-70, RATIO: 0.03, PROB_BASE AUC: 0.8241680855983688, LOGPROB_BASE AUC: 0.9394589140442706, PROB_BASE ACC: 0.7763371150729336, LOGPROB_BASE ACC: 0.873581847649919
ref_path: results/checkpoint-70, RATIO: 0.03, PROB_REF AUC: 0.7922473776040024, LOGPROB_REF AUC: 0.9255744045742154, PROB_REF ACC: 0.7309562398703403, LOGPROB_REF ACC: 0.8703403565640194

ref_path: results/checkpoint-70, RATIO: 0.04, PROB AUC: 0.8892917954215803, LOGPROB AUC: 0.9660297239915073, PROB ACC: 0.8119935170178282, LOGPROB ACC: 0.9124797406807131
ref_path: results/checkpoint-70, RATIO: 0.04, PROB_BASE AUC: 0.8413003720754242, LOGPROB_BASE AUC: 0.9632128817977339, PROB_BASE ACC: 0.7957860615883307, LOGPROB_BASE ACC: 0.9027552674230146
ref_path: results/checkpoint-70, RATIO: 0.04, PROB_REF AUC: 0.817094448298333, LOGPROB_REF AUC: 0.9458493620062642, PROB_REF ACC: 0.7568881685575365, LOGPROB_REF ACC: 0.9092382495948136

ref_path: results/checkpoint-70, RATIO: 0.05, PROB AUC: 0.8961341994072021, LOGPROB AUC: 0.9770658594521873, PROB ACC: 0.8282009724473258, LOGPROB ACC: 0.9351701782820098
ref_path: results/checkpoint-70, RATIO: 0.05, PROB_BASE AUC: 0.8641819595972337, LOGPROB_BASE AUC: 0.9745012717832294, PROB_BASE ACC: 0.8249594813614263, LOGPROB_BASE ACC: 0.9351701782820098
ref_path: results/checkpoint-70, RATIO: 0.05, PROB_REF AUC: 0.8249563809884173, LOGPROB_REF AUC: 0.9599966366063358, PROB_REF ACC: 0.7763371150729336, LOGPROB_REF ACC: 0.9157212317666127

ref_path: results/checkpoint-70, RATIO: 0.06, PROB AUC: 0.9000231233314415, LOGPROB AUC: 0.9833932437829771, PROB ACC: 0.8217179902755267, LOGPROB ACC: 0.9351701782820098
ref_path: results/checkpoint-70, RATIO: 0.06, PROB_BASE AUC: 0.8767421328120073, LOGPROB_BASE AUC: 0.9794202350171323, PROB_BASE ACC: 0.8217179902755267, LOGPROB_BASE ACC: 0.9286871961102107
ref_path: results/checkpoint-70, RATIO: 0.06, PROB_REF AUC: 0.834804818061424, LOGPROB_REF AUC: 0.9666288284879444, PROB_REF ACC: 0.7860615883306321, LOGPROB_REF ACC: 0.9254457050243112

ref_path: results/checkpoint-70, RATIO: 0.07, PROB AUC: 0.9013264383763216, LOGPROB AUC: 0.98685123289399, PROB ACC: 0.8282009724473258, LOGPROB ACC: 0.9416531604538088
ref_path: results/checkpoint-70, RATIO: 0.07, PROB_BASE AUC: 0.8912572785941013, LOGPROB_BASE AUC: 0.9835298816505854, PROB_BASE ACC: 0.8346839546191248, LOGPROB_BASE ACC: 0.9319286871961102
ref_path: results/checkpoint-70, RATIO: 0.07, PROB_REF AUC: 0.8296125790923041, LOGPROB_REF AUC: 0.9719577053246726, PROB_REF ACC: 0.779578606158833, LOGPROB_REF ACC: 0.9319286871961102

ref_path: results/checkpoint-70, RATIO: 0.08, PROB AUC: 0.9020096277143638, LOGPROB AUC: 0.9897521599293687, PROB ACC: 0.8282009724473258, LOGPROB ACC: 0.9481361426256077
ref_path: results/checkpoint-70, RATIO: 0.08, PROB_BASE AUC: 0.9069285909482668, LOGPROB_BASE AUC: 0.9885434403312943, PROB_BASE ACC: 0.86709886547812, LOGPROB_BASE ACC: 0.9448946515397083
ref_path: results/checkpoint-70, RATIO: 0.08, PROB_REF AUC: 0.8322927834184692, LOGPROB_REF AUC: 0.975258035357676, PROB_REF ACC: 0.7860615883306321, LOGPROB_REF ACC: 0.9319286871961102

ref_path: results/checkpoint-70, RATIO: 0.09, PROB AUC: 0.9037754093880725, LOGPROB AUC: 0.9919068339955015, PROB ACC: 0.8184764991896273, LOGPROB ACC: 0.9546191247974068
ref_path: results/checkpoint-70, RATIO: 0.09, PROB_BASE AUC: 0.9101658573500663, LOGPROB_BASE AUC: 0.9926741081751488, PROB_BASE ACC: 0.8541329011345219, LOGPROB_BASE ACC: 0.9513776337115073
ref_path: results/checkpoint-70, RATIO: 0.09, PROB_REF AUC: 0.8327867818628998, LOGPROB_REF AUC: 0.9784953017594753, PROB_REF ACC: 0.7925445705024311, LOGPROB_REF ACC: 0.9351701782820098

ref_path: results/checkpoint-70, RATIO: 0.1, PROB AUC: 0.9072439091042863, LOGPROB AUC: 0.9930735111727733, PROB ACC: 0.8249594813614263, LOGPROB ACC: 0.9578606158833063
ref_path: results/checkpoint-70, RATIO: 0.1, PROB_BASE AUC: 0.9050682138277523, LOGPROB_BASE AUC: 0.996184650312165, PROB_BASE ACC: 0.8703403565640194, LOGPROB_BASE ACC: 0.9708265802269044
ref_path: results/checkpoint-70, RATIO: 0.1, PROB_REF AUC: 0.8330285257825146, LOGPROB_REF AUC: 0.9764247125349478, PROB_REF ACC: 0.779578606158833, LOGPROB_REF ACC: 0.9416531604538088

ref_path: results/checkpoint-70, RATIO: 0.2, PROB AUC: 0.9363162430892771, LOGPROB AUC: 0.997435412331042, PROB ACC: 0.8573743922204214, LOGPROB ACC: 0.9740680713128039
ref_path: results/checkpoint-70, RATIO: 0.2, PROB_BASE AUC: 0.9238086229005066, LOGPROB_BASE AUC: 0.9982867713522944, PROB_BASE ACC: 0.8865478119935171, LOGPROB_BASE ACC: 0.9773095623987034
ref_path: results/checkpoint-70, RATIO: 0.2, PROB_REF AUC: 0.8341321393285824, LOGPROB_REF AUC: 0.9842761346198314, PROB_REF ACC: 0.8022690437601296, LOGPROB_REF ACC: 0.9546191247974068

ref_path: results/checkpoint-70, RATIO: 0.3, PROB AUC: 0.9654306194950706, LOGPROB AUC: 0.998570557692712, PROB ACC: 0.9059967585089141, LOGPROB ACC: 0.9708265802269044
ref_path: results/checkpoint-70, RATIO: 0.3, PROB_BASE AUC: 0.9568644762565427, LOGPROB_BASE AUC: 0.9992537470307541, PROB_BASE ACC: 0.9124797406807131, LOGPROB_BASE ACC: 0.9870340356564019
ref_path: results/checkpoint-70, RATIO: 0.3, PROB_REF AUC: 0.8691850076727419, LOGPROB_REF AUC: 0.9892896933005403, PROB_REF ACC: 0.8184764991896273, LOGPROB_REF ACC: 0.9578606158833063

ref_path: results/checkpoint-70, RATIO: 0.4, PROB AUC: 0.9832671165205693, LOGPROB AUC: 0.9980240062222783, PROB ACC: 0.9254457050243112, LOGPROB ACC: 0.9740680713128039
ref_path: results/checkpoint-70, RATIO: 0.4, PROB_BASE AUC: 0.967806016270417, LOGPROB_BASE AUC: 0.9994744697399676, PROB_BASE ACC: 0.9286871961102107, LOGPROB_BASE ACC: 0.9870340356564019
ref_path: results/checkpoint-70, RATIO: 0.4, PROB_REF AUC: 0.9077799499695193, LOGPROB_REF AUC: 0.9915915158394819, PROB_REF ACC: 0.8476499189627229, LOGPROB_REF ACC: 0.9611021069692058

ref_path: results/checkpoint-70, RATIO: 0.5, PROB AUC: 0.9928632990687605, LOGPROB AUC: 0.9970254987282168, PROB ACC: 0.9611021069692058, LOGPROB ACC: 0.9675850891410048
ref_path: results/checkpoint-70, RATIO: 0.5, PROB_BASE AUC: 0.9838451998066049, LOGPROB_BASE AUC: 0.9994954909503689, PROB_BASE ACC: 0.9513776337115073, LOGPROB_BASE ACC: 0.9870340356564019
ref_path: results/checkpoint-70, RATIO: 0.5, PROB_REF AUC: 0.9394589140442706, LOGPROB_REF AUC: 0.9910659855794497, PROB_REF ACC: 0.8865478119935171, LOGPROB_REF ACC: 0.9611021069692058

ref_path: results/checkpoint-70, RATIO: 0.6, PROB AUC: 0.9899413508229804, LOGPROB AUC: 0.9960690336549578, PROB ACC: 0.9611021069692058, LOGPROB ACC: 0.9643435980551054
ref_path: results/checkpoint-70, RATIO: 0.6, PROB_BASE AUC: 0.9944293792436568, LOGPROB_BASE AUC: 0.9994744697399677, PROB_BASE ACC: 0.9643435980551054, LOGPROB_BASE ACC: 0.9870340356564019
ref_path: results/checkpoint-70, RATIO: 0.6, PROB_REF AUC: 0.9491602026444683, LOGPROB_REF AUC: 0.9905614765298186, PROB_REF ACC: 0.9157212317666127, LOGPROB_REF ACC: 0.9546191247974068

ref_path: results/checkpoint-70, RATIO: 0.7, PROB AUC: 0.9782850896554623, LOGPROB AUC: 0.9948077610308801, PROB ACC: 0.9286871961102107, LOGPROB ACC: 0.9611021069692058
ref_path: results/checkpoint-70, RATIO: 0.7, PROB_BASE AUC: 0.9960795442601584, LOGPROB_BASE AUC: 0.9994219167139644, PROB_BASE ACC: 0.9708265802269044, LOGPROB_BASE ACC: 0.9870340356564019
ref_path: results/checkpoint-70, RATIO: 0.7, PROB_REF AUC: 0.9364739021672869, LOGPROB_REF AUC: 0.9898257341657732, PROB_REF ACC: 0.893030794165316, LOGPROB_REF ACC: 0.9546191247974068

ref_path: results/checkpoint-70, RATIO: 0.8, PROB AUC: 0.9643690483698052, LOGPROB AUC: 0.9934098505391941, PROB ACC: 0.9189627228525121, LOGPROB ACC: 0.9611021069692058
ref_path: results/checkpoint-70, RATIO: 0.8, PROB_BASE AUC: 0.9938933383784238, LOGPROB_BASE AUC: 0.9991486409787476, PROB_BASE ACC: 0.9708265802269044, LOGPROB_BASE ACC: 0.9837925445705025
ref_path: results/checkpoint-70, RATIO: 0.8, PROB_REF AUC: 0.943589581888125, LOGPROB_REF AUC: 0.9912867082886633, PROB_REF ACC: 0.9027552674230146, LOGPROB_REF ACC: 0.9546191247974068

ref_path: results/checkpoint-70, RATIO: 0.9, PROB AUC: 0.9570116247293519, LOGPROB AUC: 0.9929578945155662, PROB ACC: 0.9157212317666127, LOGPROB ACC: 0.9546191247974068
ref_path: results/checkpoint-70, RATIO: 0.9, PROB_BASE AUC: 0.9842235815938282, LOGPROB_BASE AUC: 0.997971453196275, PROB_BASE ACC: 0.9416531604538088, LOGPROB_BASE ACC: 0.9773095623987034
ref_path: results/checkpoint-70, RATIO: 0.9, PROB_REF AUC: 0.9541737613251771, LOGPROB_REF AUC: 0.9926215551491455, PROB_REF ACC: 0.9189627228525121, LOGPROB_REF ACC: 0.9546191247974068

ref_path: results/checkpoint-70, RATIO: 1.0, PROB AUC: 0.9560761808664943, LOGPROB AUC: 0.992905341489563, PROB ACC: 0.9124797406807131, LOGPROB ACC: 0.9578606158833063
ref_path: results/checkpoint-70, RATIO: 1.0, PROB_BASE AUC: 0.9560761808664943, LOGPROB_BASE AUC: 0.992905341489563, PROB_BASE ACC: 0.9124797406807131, LOGPROB_BASE ACC: 0.9578606158833063
ref_path: results/checkpoint-70, RATIO: 1.0, PROB_REF AUC: 0.9560761808664943, LOGPROB_REF AUC: 0.992905341489563, PROB_REF ACC: 0.9124797406807131, LOGPROB_REF ACC: 0.9578606158833063




ref_path: results/checkpoint-80, PPL AUC: 0.9305143890185197, PROB AUC: 0.9545836749280023, LOGPROB AUC: 0.9932206596455824, PPL ACC: 0.8768233387358185, PROB ACC: 0.9189627228525121, LOGPROB ACC: 0.9611021069692058
ref_path: results/checkpoint-80, RATIO: 0.01, PROB AUC: 0.7970507241806983, LOGPROB AUC: 0.8429925795127284, PROB ACC: 0.7341977309562399, LOGPROB ACC: 0.7828200972447326
ref_path: results/checkpoint-80, RATIO: 0.01, PROB_BASE AUC: 0.770437871812659, LOGPROB_BASE AUC: 0.819301675390469, PROB_BASE ACC: 0.7050243111831442, LOGPROB_BASE ACC: 0.7633711507293355
ref_path: results/checkpoint-80, RATIO: 0.01, PROB_REF AUC: 0.7271341783859915, LOGPROB_REF AUC: 0.8320615501040549, PROB_REF ACC: 0.6726094003241491, LOGPROB_REF ACC: 0.7893030794165316

ref_path: results/checkpoint-80, RATIO: 0.02, PROB AUC: 0.850518172836392, LOGPROB AUC: 0.9177334930945324, PROB ACC: 0.7601296596434359, LOGPROB ACC: 0.8541329011345219
ref_path: results/checkpoint-80, RATIO: 0.02, PROB_BASE AUC: 0.8014021147337664, LOGPROB_BASE AUC: 0.898036618948519, PROB_BASE ACC: 0.7536466774716369, LOGPROB_BASE ACC: 0.8282009724473258
ref_path: results/checkpoint-80, RATIO: 0.02, PROB_REF AUC: 0.7523806520779466, LOGPROB_REF AUC: 0.8927287633221921, PROB_REF ACC: 0.7082658022690438, LOGPROB_REF ACC: 0.8184764991896273

ref_path: results/checkpoint-80, RATIO: 0.03, PROB AUC: 0.8786655735637259, LOGPROB AUC: 0.950957516133779, PROB ACC: 0.7957860615883307, LOGPROB ACC: 0.893030794165316
ref_path: results/checkpoint-80, RATIO: 0.03, PROB_BASE AUC: 0.8328498454941036, LOGPROB_BASE AUC: 0.9387231716802253, PROB_BASE ACC: 0.7893030794165316, LOGPROB_BASE ACC: 0.873581847649919
ref_path: results/checkpoint-80, RATIO: 0.03, PROB_REF AUC: 0.7857938660108049, LOGPROB_REF AUC: 0.9324483403754389, PROB_REF ACC: 0.7147487844408428, LOGPROB_REF ACC: 0.8703403565640194

ref_path: results/checkpoint-80, RATIO: 0.04, PROB AUC: 0.8950305858611338, LOGPROB AUC: 0.9654516407054718, PROB ACC: 0.8249594813614263, LOGPROB ACC: 0.9059967585089141
ref_path: results/checkpoint-80, RATIO: 0.04, PROB_BASE AUC: 0.8429084946711232, LOGPROB_BASE AUC: 0.9609636122847954, PROB_BASE ACC: 0.8055105348460292, LOGPROB_BASE ACC: 0.8897893030794165
ref_path: results/checkpoint-80, RATIO: 0.04, PROB_REF AUC: 0.8205419268041453, LOGPROB_REF AUC: 0.9459965104790734, PROB_REF ACC: 0.7633711507293355, LOGPROB_REF ACC: 0.893030794165316

ref_path: results/checkpoint-80, RATIO: 0.05, PROB AUC: 0.9019465640831599, LOGPROB AUC: 0.9764982867713523, PROB ACC: 0.8346839546191248, LOGPROB ACC: 0.9222042139384117
ref_path: results/checkpoint-80, RATIO: 0.05, PROB_BASE AUC: 0.8644131929116479, LOGPROB_BASE AUC: 0.9724622143743037, PROB_BASE ACC: 0.8282009724473258, LOGPROB_BASE ACC: 0.9222042139384117
ref_path: results/checkpoint-80, RATIO: 0.05, PROB_REF AUC: 0.8262596960332975, LOGPROB_REF AUC: 0.9573479640957727, PROB_REF ACC: 0.779578606158833, LOGPROB_REF ACC: 0.8962722852512156

ref_path: results/checkpoint-80, RATIO: 0.06, PROB AUC: 0.906297954636228, LOGPROB AUC: 0.9832566059153687, PROB ACC: 0.8314424635332253, LOGPROB ACC: 0.9416531604538088
ref_path: results/checkpoint-80, RATIO: 0.06, PROB_BASE AUC: 0.8712766181076705, LOGPROB_BASE AUC: 0.9788631729414979, PROB_BASE ACC: 0.8249594813614263, LOGPROB_BASE ACC: 0.9189627228525121
ref_path: results/checkpoint-80, RATIO: 0.06, PROB_REF AUC: 0.8342162241701878, LOGPROB_REF AUC: 0.9678690799016207, PROB_REF ACC: 0.7957860615883307, LOGPROB_REF ACC: 0.9157212317666127

ref_path: results/checkpoint-80, RATIO: 0.07, PROB AUC: 0.9064766349246389, LOGPROB AUC: 0.986735616236783, PROB ACC: 0.8282009724473258, LOGPROB ACC: 0.9416531604538088
ref_path: results/checkpoint-80, RATIO: 0.07, PROB_BASE AUC: 0.8834373883248197, LOGPROB_BASE AUC: 0.9833091589413718, PROB_BASE ACC: 0.8249594813614263, LOGPROB_BASE ACC: 0.9351701782820098
ref_path: results/checkpoint-80, RATIO: 0.07, PROB_REF AUC: 0.8293077715414854, LOGPROB_REF AUC: 0.970486220596582, PROB_REF ACC: 0.7925445705024311, LOGPROB_REF ACC: 0.9286871961102107

ref_path: results/checkpoint-80, RATIO: 0.08, PROB AUC: 0.9062979546362279, LOGPROB AUC: 0.9894893947993526, PROB ACC: 0.8217179902755267, LOGPROB ACC: 0.9448946515397083
ref_path: results/checkpoint-80, RATIO: 0.08, PROB_BASE AUC: 0.8975531311092894, LOGPROB_BASE AUC: 0.9874082949696243, PROB_BASE ACC: 0.8508914100486223, LOGPROB_BASE ACC: 0.9416531604538088
ref_path: results/checkpoint-80, RATIO: 0.08, PROB_REF AUC: 0.8263858232957053, LOGPROB_REF AUC: 0.9767505412961678, PROB_REF ACC: 0.7828200972447326, LOGPROB_REF ACC: 0.9319286871961102

ref_path: results/checkpoint-80, RATIO: 0.09, PROB AUC: 0.9089571377519918, LOGPROB AUC: 0.9915389628134789, PROB ACC: 0.8184764991896273, LOGPROB ACC: 0.9578606158833063
ref_path: results/checkpoint-80, RATIO: 0.09, PROB_BASE AUC: 0.9029871139980241, LOGPROB_BASE AUC: 0.9911080280002522, PROB_BASE ACC: 0.8508914100486223, LOGPROB_BASE ACC: 0.9513776337115073
ref_path: results/checkpoint-80, RATIO: 0.09, PROB_REF AUC: 0.8357928149502848, LOGPROB_REF AUC: 0.9769607534001808, PROB_REF ACC: 0.7925445705024311, LOGPROB_REF ACC: 0.9351701782820098

ref_path: results/checkpoint-80, RATIO: 0.1, PROB AUC: 0.9128040192554288, LOGPROB AUC: 0.992726661201152, PROB ACC: 0.8346839546191248, LOGPROB ACC: 0.9611021069692058
ref_path: results/checkpoint-80, RATIO: 0.1, PROB_BASE AUC: 0.9003279308822602, LOGPROB_BASE AUC: 0.9949128670828866, PROB_BASE ACC: 0.86709886547812, LOGPROB_BASE ACC: 0.9675850891410048
ref_path: results/checkpoint-80, RATIO: 0.1, PROB_REF AUC: 0.8333543545437347, LOGPROB_REF AUC: 0.9780328351306469, PROB_REF ACC: 0.7957860615883307, LOGPROB_REF ACC: 0.9384116693679092

ref_path: results/checkpoint-80, RATIO: 0.2, PROB AUC: 0.9477202497319795, LOGPROB AUC: 0.9978032835130646, PROB ACC: 0.8638573743922204, LOGPROB ACC: 0.9740680713128039
ref_path: results/checkpoint-80, RATIO: 0.2, PROB_BASE AUC: 0.9142965251939207, LOGPROB_BASE AUC: 0.9979294107754724, PROB_BASE ACC: 0.873581847649919, LOGPROB_BASE ACC: 0.9805510534846029
ref_path: results/checkpoint-80, RATIO: 0.2, PROB_REF AUC: 0.8382522965672363, LOGPROB_REF AUC: 0.9854112799815014, PROB_REF ACC: 0.7893030794165316, LOGPROB_REF ACC: 0.9546191247974068

ref_path: results/checkpoint-80, RATIO: 0.3, PROB AUC: 0.9721994492442876, LOGPROB AUC: 0.998717706165521, PROB ACC: 0.9092382495948136, LOGPROB ACC: 0.9805510534846029
ref_path: results/checkpoint-80, RATIO: 0.3, PROB_BASE AUC: 0.9487187572260412, LOGPROB_BASE AUC: 0.999043534926741, PROB_BASE ACC: 0.9092382495948136, LOGPROB_BASE ACC: 0.9902755267423015
ref_path: results/checkpoint-80, RATIO: 0.3, PROB_REF AUC: 0.8832902398520107, LOGPROB_REF AUC: 0.9899623720333817, PROB_REF ACC: 0.8249594813614263, LOGPROB_REF ACC: 0.9643435980551054

ref_path: results/checkpoint-80, RATIO: 0.4, PROB AUC: 0.9856004708751129, LOGPROB AUC: 0.9982762607470939, PROB ACC: 0.9351701782820098, LOGPROB ACC: 0.9773095623987034
ref_path: results/checkpoint-80, RATIO: 0.4, PROB_BASE AUC: 0.9616993546488407, LOGPROB_BASE AUC: 0.9994849803451683, PROB_BASE ACC: 0.9189627228525121, LOGPROB_BASE ACC: 0.9870340356564019
ref_path: results/checkpoint-80, RATIO: 0.4, PROB_REF AUC: 0.9153370751087847, LOGPROB_REF AUC: 0.9922747051775241, PROB_REF ACC: 0.8606158833063209, LOGPROB_REF ACC: 0.9611021069692058

ref_path: results/checkpoint-80, RATIO: 0.5, PROB AUC: 0.9926530869647474, LOGPROB AUC: 0.9974774547518446, PROB ACC: 0.9578606158833063, LOGPROB ACC: 0.9740680713128039
ref_path: results/checkpoint-80, RATIO: 0.5, PROB_BASE AUC: 0.9821424817641, LOGPROB_BASE AUC: 0.9995585545815727, PROB_BASE ACC: 0.9351701782820098, LOGPROB_BASE ACC: 0.9902755267423015
ref_path: results/checkpoint-80, RATIO: 0.5, PROB_REF AUC: 0.9424123941056526, LOGPROB_REF AUC: 0.9922011309411196, PROB_REF ACC: 0.8962722852512156, LOGPROB_REF ACC: 0.9611021069692058

ref_path: results/checkpoint-80, RATIO: 0.6, PROB AUC: 0.98944735237855, LOGPROB AUC: 0.9964474154421812, PROB ACC: 0.9578606158833063, LOGPROB ACC: 0.9675850891410048
ref_path: results/checkpoint-80, RATIO: 0.6, PROB_BASE AUC: 0.9947341867944756, LOGPROB_BASE AUC: 0.9995795757919741, PROB_BASE ACC: 0.9675850891410048, LOGPROB_BASE ACC: 0.9902755267423015
ref_path: results/checkpoint-80, RATIO: 0.6, PROB_REF AUC: 0.9494334783796852, LOGPROB_REF AUC: 0.991591515839482, PROB_REF ACC: 0.9124797406807131, LOGPROB_REF ACC: 0.9546191247974068

ref_path: results/checkpoint-80, RATIO: 0.7, PROB AUC: 0.9779802821046435, LOGPROB AUC: 0.995469929158521, PROB ACC: 0.9416531604538088, LOGPROB ACC: 0.9643435980551054
ref_path: results/checkpoint-80, RATIO: 0.7, PROB_BASE AUC: 0.9961741397069643, LOGPROB_BASE AUC: 0.9996636606335793, PROB_BASE ACC: 0.9708265802269044, LOGPROB_BASE ACC: 0.9902755267423015
ref_path: results/checkpoint-80, RATIO: 0.7, PROB_REF AUC: 0.9399213806730992, LOGPROB_REF AUC: 0.9912236446574594, PROB_REF ACC: 0.8962722852512156, LOGPROB_REF ACC: 0.9546191247974068

ref_path: results/checkpoint-80, RATIO: 0.8, PROB AUC: 0.9635702423745559, LOGPROB AUC: 0.9938618065628219, PROB ACC: 0.9157212317666127, LOGPROB ACC: 0.9611021069692058
ref_path: results/checkpoint-80, RATIO: 0.8, PROB_BASE AUC: 0.9933993399339934, LOGPROB_BASE AUC: 0.9992852788463559, PROB_BASE ACC: 0.9546191247974068, LOGPROB_BASE ACC: 0.9837925445705025
ref_path: results/checkpoint-80, RATIO: 0.8, PROB_REF AUC: 0.9427487334720733, LOGPROB_REF AUC: 0.9920014294423072, PROB_REF ACC: 0.899513776337115, LOGPROB_REF ACC: 0.9546191247974068

ref_path: results/checkpoint-80, RATIO: 0.9, PROB AUC: 0.9554560551596561, LOGPROB AUC: 0.9932627020663849, PROB ACC: 0.9189627228525121, LOGPROB ACC: 0.9611021069692058
ref_path: results/checkpoint-80, RATIO: 0.9, PROB_BASE AUC: 0.9815959302936663, LOGPROB_BASE AUC: 0.9982131971158898, PROB_BASE ACC: 0.9416531604538088, LOGPROB_BASE ACC: 0.9773095623987034
ref_path: results/checkpoint-80, RATIO: 0.9, PROB_REF AUC: 0.9525761493346786, LOGPROB_REF AUC: 0.993084021777974, PROB_REF ACC: 0.9189627228525121, LOGPROB_REF ACC: 0.9578606158833063

ref_path: results/checkpoint-80, RATIO: 1.0, PROB AUC: 0.954562653717601, LOGPROB AUC: 0.993231170250783, PROB ACC: 0.9189627228525121, LOGPROB ACC: 0.9611021069692058
ref_path: results/checkpoint-80, RATIO: 1.0, PROB_BASE AUC: 0.954562653717601, LOGPROB_BASE AUC: 0.993231170250783, PROB_BASE ACC: 0.9189627228525121, LOGPROB_BASE ACC: 0.9611021069692058
ref_path: results/checkpoint-80, RATIO: 1.0, PROB_REF AUC: 0.954562653717601, LOGPROB_REF AUC: 0.993231170250783, PROB_REF ACC: 0.9189627228525121, LOGPROB_REF ACC: 0.9611021069692058




ref_path: results/checkpoint-90, PPL AUC: 0.929284648210044, PROB AUC: 0.9545731643228017, LOGPROB AUC: 0.9928422778583591, PPL ACC: 0.873581847649919, PROB ACC: 0.9189627228525121, LOGPROB ACC: 0.9578606158833063
ref_path: results/checkpoint-90, RATIO: 0.01, PROB AUC: 0.7930146517836498, LOGPROB AUC: 0.8403333963969646, PROB ACC: 0.7341977309562399, LOGPROB ACC: 0.766612641815235
ref_path: results/checkpoint-90, RATIO: 0.01, PROB_BASE AUC: 0.777322318219083, LOGPROB_BASE AUC: 0.8185659330264237, PROB_BASE ACC: 0.7147487844408428, LOGPROB_BASE ACC: 0.7568881685575365
ref_path: results/checkpoint-90, RATIO: 0.01, PROB_REF AUC: 0.7153833217716676, LOGPROB_REF AUC: 0.8217506464022198, PROB_REF ACC: 0.6693679092382496, LOGPROB_REF ACC: 0.773095623987034

ref_path: results/checkpoint-90, RATIO: 0.02, PROB AUC: 0.849414559290324, LOGPROB AUC: 0.9165037522860566, PROB ACC: 0.7568881685575365, LOGPROB ACC: 0.8508914100486223
ref_path: results/checkpoint-90, RATIO: 0.02, PROB_BASE AUC: 0.7914380610035525, LOGPROB_BASE AUC: 0.8940320783670723, PROB_BASE ACC: 0.7439222042139384, LOGPROB_BASE ACC: 0.8217179902755267
ref_path: results/checkpoint-90, RATIO: 0.02, PROB_REF AUC: 0.7629648315149987, LOGPROB_REF AUC: 0.8975321098988881, PROB_REF ACC: 0.7212317666126418, LOGPROB_REF ACC: 0.8152350081037277

ref_path: results/checkpoint-90, RATIO: 0.03, PROB AUC: 0.8753021798995186, LOGPROB AUC: 0.9503058586113389, PROB ACC: 0.7957860615883307, LOGPROB ACC: 0.899513776337115
ref_path: results/checkpoint-90, RATIO: 0.03, PROB_BASE AUC: 0.8293287927518868, LOGPROB_BASE AUC: 0.9349603750183936, PROB_BASE ACC: 0.7860615883306321, LOGPROB_BASE ACC: 0.8541329011345219
ref_path: results/checkpoint-90, RATIO: 0.03, PROB_REF AUC: 0.7816421769565493, LOGPROB_REF AUC: 0.931786172247798, PROB_REF ACC: 0.7115072933549432, LOGPROB_REF ACC: 0.8638573743922204

ref_path: results/checkpoint-90, RATIO: 0.04, PROB AUC: 0.8898908999180173, LOGPROB AUC: 0.96461079228942, PROB ACC: 0.8184764991896273, LOGPROB ACC: 0.9027552674230146
ref_path: results/checkpoint-90, RATIO: 0.04, PROB_BASE AUC: 0.8376847238864014, LOGPROB_BASE AUC: 0.9582728973534296, PROB_BASE ACC: 0.7893030794165316, LOGPROB_BASE ACC: 0.899513776337115
ref_path: results/checkpoint-90, RATIO: 0.04, PROB_REF AUC: 0.8187025708940321, LOGPROB_REF AUC: 0.9482562905972126, PROB_REF ACC: 0.7536466774716369, LOGPROB_REF ACC: 0.893030794165316

ref_path: results/checkpoint-90, RATIO: 0.05, PROB AUC: 0.896880452376448, LOGPROB AUC: 0.9758361186437116, PROB ACC: 0.8217179902755267, LOGPROB ACC: 0.9222042139384117
ref_path: results/checkpoint-90, RATIO: 0.05, PROB_BASE AUC: 0.8657690609825314, LOGPROB_BASE AUC: 0.9694351600765172, PROB_BASE ACC: 0.8152350081037277, LOGPROB_BASE ACC: 0.9189627228525121
ref_path: results/checkpoint-90, RATIO: 0.05, PROB_REF AUC: 0.8222446448466503, LOGPROB_REF AUC: 0.9592503836370898, PROB_REF ACC: 0.7763371150729336, LOGPROB_REF ACC: 0.9092382495948136

ref_path: results/checkpoint-90, RATIO: 0.06, PROB AUC: 0.9042378760169012, LOGPROB AUC: 0.9832566059153686, PROB ACC: 0.8249594813614263, LOGPROB ACC: 0.9384116693679092
ref_path: results/checkpoint-90, RATIO: 0.06, PROB_BASE AUC: 0.8655273170629166, LOGPROB_BASE AUC: 0.9754577368564882, PROB_BASE ACC: 0.8119935170178282, LOGPROB_BASE ACC: 0.9157212317666127
ref_path: results/checkpoint-90, RATIO: 0.06, PROB_REF AUC: 0.8340270332765761, LOGPROB_REF AUC: 0.9693300540245108, PROB_REF ACC: 0.7893030794165316, LOGPROB_REF ACC: 0.9124797406807131

ref_path: results/checkpoint-90, RATIO: 0.07, PROB AUC: 0.901589203506338, LOGPROB AUC: 0.986168043555948, PROB ACC: 0.8282009724473258, LOGPROB ACC: 0.9416531604538088
ref_path: results/checkpoint-90, RATIO: 0.07, PROB_BASE AUC: 0.8776985978852662, LOGPROB_BASE AUC: 0.9799142334615627, PROB_BASE ACC: 0.8249594813614263, LOGPROB_BASE ACC: 0.9254457050243112
ref_path: results/checkpoint-90, RATIO: 0.07, PROB_REF AUC: 0.830957936557987, LOGPROB_REF AUC: 0.973345105211158, PROB_REF ACC: 0.7893030794165316, LOGPROB_REF ACC: 0.9319286871961102

ref_path: results/checkpoint-90, RATIO: 0.08, PROB AUC: 0.9027453700784092, LOGPROB AUC: 0.9885749721468963, PROB ACC: 0.8217179902755267, LOGPROB ACC: 0.9448946515397083
ref_path: results/checkpoint-90, RATIO: 0.08, PROB_BASE AUC: 0.8930545920834122, LOGPROB_BASE AUC: 0.9845704315654495, PROB_BASE ACC: 0.8444084278768234, LOGPROB_BASE ACC: 0.9351701782820098
ref_path: results/checkpoint-90, RATIO: 0.08, PROB_REF AUC: 0.8309579365579869, LOGPROB_REF AUC: 0.9770448382417859, PROB_REF ACC: 0.7893030794165316, LOGPROB_REF ACC: 0.9351701782820098

ref_path: results/checkpoint-90, RATIO: 0.09, PROB AUC: 0.9068024636858589, LOGPROB AUC: 0.9911290492106536, PROB ACC: 0.8184764991896273, LOGPROB ACC: 0.9448946515397083
ref_path: results/checkpoint-90, RATIO: 0.09, PROB_BASE AUC: 0.9019045216623575, LOGPROB_BASE AUC: 0.9889323327237182, PROB_BASE ACC: 0.8444084278768234, LOGPROB_BASE ACC: 0.9416531604538088
ref_path: results/checkpoint-90, RATIO: 0.09, PROB_REF AUC: 0.8353303483214563, LOGPROB_REF AUC: 0.9774967942654138, PROB_REF ACC: 0.7957860615883307, LOGPROB_REF ACC: 0.9351701782820098

ref_path: results/checkpoint-90, RATIO: 0.1, PROB AUC: 0.9117319375249628, LOGPROB AUC: 0.992547980912741, PROB ACC: 0.8314424635332253, LOGPROB ACC: 0.9546191247974068
ref_path: results/checkpoint-90, RATIO: 0.1, PROB_BASE AUC: 0.8994345294402052, LOGPROB_BASE AUC: 0.9936621050640095, PROB_BASE ACC: 0.8703403565640194, LOGPROB_BASE ACC: 0.9578606158833063
ref_path: results/checkpoint-90, RATIO: 0.1, PROB_REF AUC: 0.8386937419856636, LOGPROB_REF AUC: 0.9797775955939543, PROB_REF ACC: 0.779578606158833, LOGPROB_REF ACC: 0.9384116693679092

ref_path: results/checkpoint-90, RATIO: 0.2, PROB AUC: 0.9449349393538079, LOGPROB AUC: 0.9978348153286666, PROB ACC: 0.8638573743922204, LOGPROB ACC: 0.9740680713128039
ref_path: results/checkpoint-90, RATIO: 0.2, PROB_BASE AUC: 0.9145592903239369, LOGPROB_BASE AUC: 0.9976246032246536, PROB_BASE ACC: 0.8703403565640194, LOGPROB_BASE ACC: 0.9773095623987034
ref_path: results/checkpoint-90, RATIO: 0.2, PROB_REF AUC: 0.832387378865275, LOGPROB_REF AUC: 0.9851695360618865, PROB_REF ACC: 0.7893030794165316, LOGPROB_REF ACC: 0.9578606158833063

ref_path: results/checkpoint-90, RATIO: 0.3, PROB AUC: 0.9704651993861807, LOGPROB AUC: 0.998686174349919, PROB ACC: 0.9189627228525121, LOGPROB ACC: 0.9805510534846029
ref_path: results/checkpoint-90, RATIO: 0.3, PROB_BASE AUC: 0.9464274452922999, LOGPROB_BASE AUC: 0.9989068970591327, PROB_BASE ACC: 0.9092382495948136, LOGPROB_BASE ACC: 0.9870340356564019
ref_path: results/checkpoint-90, RATIO: 0.3, PROB_REF AUC: 0.8749132875070946, LOGPROB_REF AUC: 0.9897311387189673, PROB_REF ACC: 0.8314424635332253, LOGPROB_REF ACC: 0.9643435980551054

ref_path: results/checkpoint-90, RATIO: 0.4, PROB AUC: 0.9859683420571357, LOGPROB AUC: 0.998328813773097, PROB ACC: 0.9416531604538088, LOGPROB ACC: 0.9805510534846029
ref_path: results/checkpoint-90, RATIO: 0.4, PROB_BASE AUC: 0.9611422925732064, LOGPROB_BASE AUC: 0.9993798742931619, PROB_BASE ACC: 0.9222042139384117, LOGPROB_BASE ACC: 0.9870340356564019
ref_path: results/checkpoint-90, RATIO: 0.4, PROB_REF AUC: 0.9131824010426521, LOGPROB_REF AUC: 0.9920960248891131, PROB_REF ACC: 0.86709886547812, LOGPROB_REF ACC: 0.9611021069692058

ref_path: results/checkpoint-90, RATIO: 0.5, PROB AUC: 0.9925374703075402, LOGPROB AUC: 0.9973933699102394, PROB ACC: 0.9611021069692058, LOGPROB ACC: 0.9708265802269044
ref_path: results/checkpoint-90, RATIO: 0.5, PROB_BASE AUC: 0.9808706985348217, LOGPROB_BASE AUC: 0.9995480439763721, PROB_BASE ACC: 0.9319286871961102, LOGPROB_BASE ACC: 0.9902755267423015
ref_path: results/checkpoint-90, RATIO: 0.5, PROB_REF AUC: 0.9403838473019277, LOGPROB_REF AUC: 0.9916756006810873, PROB_REF ACC: 0.8962722852512156, LOGPROB_REF ACC: 0.9611021069692058

ref_path: results/checkpoint-90, RATIO: 0.6, PROB AUC: 0.9890794811965272, LOGPROB AUC: 0.9964894578629837, PROB ACC: 0.9611021069692058, LOGPROB ACC: 0.9675850891410048
ref_path: results/checkpoint-90, RATIO: 0.6, PROB_BASE AUC: 0.9928212566479578, LOGPROB_BASE AUC: 0.9995480439763721, PROB_BASE ACC: 0.9611021069692058, LOGPROB_BASE ACC: 0.9902755267423015
ref_path: results/checkpoint-90, RATIO: 0.6, PROB_REF AUC: 0.9494965420108891, LOGPROB_REF AUC: 0.99123415526266, PROB_REF ACC: 0.9254457050243112, LOGPROB_REF ACC: 0.9546191247974068

ref_path: results/checkpoint-90, RATIO: 0.7, PROB AUC: 0.9783481532866661, LOGPROB AUC: 0.9953648231065144, PROB ACC: 0.9416531604538088, LOGPROB ACC: 0.9643435980551054
ref_path: results/checkpoint-90, RATIO: 0.7, PROB_BASE AUC: 0.9959744382081519, LOGPROB_BASE AUC: 0.9995690651867734, PROB_BASE ACC: 0.9643435980551054, LOGPROB_BASE ACC: 0.9870340356564019
ref_path: results/checkpoint-90, RATIO: 0.7, PROB_REF AUC: 0.9401210821719115, LOGPROB_REF AUC: 0.9906876037922264, PROB_REF ACC: 0.8962722852512156, LOGPROB_REF ACC: 0.9513776337115073

ref_path: results/checkpoint-90, RATIO: 0.8, PROB AUC: 0.9638014756889702, LOGPROB AUC: 0.9937041474848123, PROB ACC: 0.9189627228525121, LOGPROB ACC: 0.9643435980551054
ref_path: results/checkpoint-90, RATIO: 0.8, PROB_BASE AUC: 0.9935780202224044, LOGPROB_BASE AUC: 0.9992117046099515, PROB_BASE ACC: 0.9675850891410048, LOGPROB_BASE ACC: 0.9837925445705025
ref_path: results/checkpoint-90, RATIO: 0.8, PROB_REF AUC: 0.9429379243656849, LOGPROB_REF AUC: 0.9913182401042653, PROB_REF ACC: 0.9059967585089141, LOGPROB_REF ACC: 0.9546191247974068

ref_path: results/checkpoint-90, RATIO: 0.9, PROB AUC: 0.9556347354480671, LOGPROB AUC: 0.9928948308843624, PROB ACC: 0.9222042139384117, LOGPROB ACC: 0.9578606158833063
ref_path: results/checkpoint-90, RATIO: 0.9, PROB_BASE AUC: 0.9825944377877278, LOGPROB_BASE AUC: 0.9981291122742848, PROB_BASE ACC: 0.9416531604538088, LOGPROB_BASE ACC: 0.9805510534846029
ref_path: results/checkpoint-90, RATIO: 0.9, PROB_REF AUC: 0.9526392129658826, LOGPROB_REF AUC: 0.9926846187803493, PROB_REF ACC: 0.9189627228525121, LOGPROB_REF ACC: 0.9578606158833063

ref_path: results/checkpoint-90, RATIO: 1.0, PROB AUC: 0.9545731643228017, LOGPROB AUC: 0.9928422778583591, PROB ACC: 0.9189627228525121, LOGPROB ACC: 0.9578606158833063
ref_path: results/checkpoint-90, RATIO: 1.0, PROB_BASE AUC: 0.9545731643228017, LOGPROB_BASE AUC: 0.9928422778583591, PROB_BASE ACC: 0.9189627228525121, LOGPROB_BASE ACC: 0.9578606158833063
ref_path: results/checkpoint-90, RATIO: 1.0, PROB_REF AUC: 0.9545731643228017, LOGPROB_REF AUC: 0.9928422778583591, PROB_REF ACC: 0.9189627228525121, LOGPROB_REF ACC: 0.9578606158833063




